#-----------------------------------------------------------
# Vivado v2016.4 (64-bit)
# SW Build 1756540 on Mon Jan 23 19:11:23 MST 2017
# IP Build 1755317 on Mon Jan 23 20:30:07 MST 2017
# Start of session at: Sun May 21 19:04:07 2017
# Process ID: 15980
# Current directory: C:/Users/Joao/Desktop/cr/Git/Reconfigurable_Computing/Lesson4/Find_Min_Max
# Command line: vivado.exe -gui_launcher_event rodinguilauncherevent11292 C:\Users\Joao\Desktop\cr\Git\Reconfigurable_Computing\Lesson4\Find_Min_Max\Find_Min_Max.xpr
# Log file: C:/Users/Joao/Desktop/cr/Git/Reconfigurable_Computing/Lesson4/Find_Min_Max/vivado.log
# Journal file: C:/Users/Joao/Desktop/cr/Git/Reconfigurable_Computing/Lesson4/Find_Min_Max\vivado.jou
#-----------------------------------------------------------
start_gui
open_project C:/Users/Joao/Desktop/cr/Git/Reconfigurable_Computing/Lesson4/Find_Min_Max/Find_Min_Max.xpr
open_bd_design {C:/Users/Joao/Desktop/cr/Git/Reconfigurable_Computing/Lesson4/Find_Min_Max/Find_Min_Max.srcs/sources_1/bd/memorycore/memorycore.bd}
