Copyright 1986-2016 Xilinx, Inc. All Rights Reserved.
-------------------------------------------------------------------------------------------
| Tool Version : Vivado v.2016.4 (win64) Build 1756540 Mon Jan 23 19:11:23 MST 2017
| Date         : Tue May 09 18:49:37 2017
| Host         : DESKTOP-2SMIO6T running 64-bit major release  (build 9200)
| Command      : report_control_sets -verbose -file desig1_wrapper_control_sets_placed.rpt
| Design       : desig1_wrapper
| Device       : xc7a100t
-------------------------------------------------------------------------------------------

Control Set Information

Table of Contents
-----------------
1. Summary
2. Flip-Flop Distribution
3. Detailed Control Set Information

1. Summary
----------

+----------------------------------------------------------+-------+
|                          Status                          | Count |
+----------------------------------------------------------+-------+
| Number of unique control sets                            |    68 |
| Unused register locations in slices containing registers |   224 |
+----------------------------------------------------------+-------+


2. Flip-Flop Distribution
-------------------------

+--------------+-----------------------+------------------------+-----------------+--------------+
| Clock Enable | Synchronous Set/Reset | Asynchronous Set/Reset | Total Registers | Total Slices |
+--------------+-----------------------+------------------------+-----------------+--------------+
| No           | No                    | No                     |             154 |           61 |
| No           | No                    | Yes                    |              30 |            9 |
| No           | Yes                   | No                     |             290 |          128 |
| Yes          | No                    | No                     |             240 |           69 |
| Yes          | No                    | Yes                    |              14 |            7 |
| Yes          | Yes                   | No                     |             608 |          196 |
+--------------+-----------------------+------------------------+-----------------+--------------+


3. Detailed Control Set Information
-----------------------------------

+-----------------------------------------------------------+----------------------------------------------------------------------------------------------------------------------------------------------------------------------------------------------------------------+----------------------------------------------------------------------------------------------------------------------------------------------+------------------+----------------+
|                        Clock Signal                       |                                                                                                  Enable Signal                                                                                                 |                                                               Set/Reset Signal                                                               | Slice Load Count | Bel Load Count |
+-----------------------------------------------------------+----------------------------------------------------------------------------------------------------------------------------------------------------------------------------------------------------------------+----------------------------------------------------------------------------------------------------------------------------------------------+------------------+----------------+
|  desig1_i/clk_wiz_1/inst/clk_out1                         |                                                                                                                                                                                                                | desig1_i/microblaze_0/U0/MicroBlaze_Core_I/Performance.Core/Use_Debug_Logic.Master_Core.Debug_Perf/capture_1                                 |                1 |              1 |
|  desig1_i/clk_wiz_1/inst/clk_out1                         | desig1_i/microblaze_0/U0/MicroBlaze_Core_I/Performance.Core/Decode_I/Use_MuxCy[9].OF_Piperun_Stage/MUXCY_I/lopt_4                                                                                              |                                                                                                                                              |                1 |              1 |
| ~desig1_i/mdm_1/U0/No_Dbg_Reg_Access.BUFG_DRCK/Dbg_Clk_31 | desig1_i/mdm_1/U0/MDM_Core_I1/JTAG_CONTROL_I/FDC_I/CE                                                                                                                                                          | desig1_i/mdm_1/U0/MDM_Core_I1/JTAG_CONTROL_I/FDC_I/D_0                                                                                       |                1 |              1 |
|  desig1_i/mdm_1/U0/Use_E2.BSCAN_I/Ext_JTAG_UPDATE         |                                                                                                                                                                                                                | desig1_i/mdm_1/U0/MDM_Core_I1/JTAG_CONTROL_I/Use_UART.execute_i_2_n_0                                                                        |                1 |              1 |
|  desig1_i/mdm_1/U0/Use_E2.BSCAN_I/Ext_JTAG_UPDATE         | desig1_i/microblaze_0/U0/MicroBlaze_Core_I/Performance.Core/Use_Debug_Logic.Master_Core.Debug_Perf/Control_Reg_En                                                                                              | desig1_i/microblaze_0/U0/MicroBlaze_Core_I/Performance.Core/Use_Debug_Logic.Master_Core.Debug_Perf/Serial_Dbg_Intf.normal_stop_cmd_i_reg_n_0 |                1 |              1 |
|  desig1_i/mdm_1/U0/Use_E2.BSCAN_I/Ext_JTAG_UPDATE         | desig1_i/microblaze_0/U0/MicroBlaze_Core_I/Performance.Core/Use_Debug_Logic.Master_Core.Debug_Perf/Control_Reg_En                                                                                              | desig1_i/microblaze_0/U0/MicroBlaze_Core_I/Performance.Core/Use_Debug_Logic.Master_Core.Debug_Perf/Serial_Dbg_Intf.force_stop_cmd_i_reg_n_0  |                1 |              1 |
|  desig1_i/mdm_1/U0/Use_E2.BSCAN_I/Ext_JTAG_UPDATE         | desig1_i/microblaze_0/U0/MicroBlaze_Core_I/Performance.Core/Use_Debug_Logic.Master_Core.Debug_Perf/Control_Reg_En                                                                                              | desig1_i/microblaze_0/U0/MicroBlaze_Core_I/Performance.Core/Use_Debug_Logic.Master_Core.Debug_Perf/Serial_Dbg_Intf.continue_from_brk_reg_n_0 |                1 |              1 |
|  desig1_i/mdm_1/U0/Use_E2.BSCAN_I/Ext_JTAG_UPDATE         | desig1_i/microblaze_0/U0/MicroBlaze_Core_I/Performance.Core/Use_Debug_Logic.Master_Core.Debug_Perf/Control_Reg_En                                                                                              | desig1_i/microblaze_0/U0/MicroBlaze_Core_I/Performance.Core/Use_Debug_Logic.Master_Core.Debug_Perf/start_single_step_reg_n_0                 |                1 |              1 |
| ~desig1_i/mdm_1/U0/Use_E2.BSCAN_I/Ext_JTAG_UPDATE         |                                                                                                                                                                                                                | desig1_i/mdm_1/U0/MDM_Core_I1/JTAG_CONTROL_I/sel_n                                                                                           |                1 |              1 |
|  desig1_i/clk_wiz_1/inst/clk_out1                         | desig1_i/microblaze_0/U0/MicroBlaze_Core_I/Performance.Core/Using_DCache.Using_WriteThrough.DCache_I1/mem_read_cache_miss_sel_carry_and/MUXCY_I/Read_Req                                                       | desig1_i/microblaze_0/U0/MicroBlaze_Core_I/sync_reset                                                                                        |                1 |              2 |
|  desig1_i/mdm_1/U0/Use_E2.BSCAN_I/Ext_JTAG_UPDATE         |                                                                                                                                                                                                                |                                                                                                                                              |                2 |              2 |
|  desig1_i/clk_wiz_1/inst/clk_out1                         | desig1_i/microblaze_0/U0/MicroBlaze_Core_I/Performance.Core/Using_ICache.ICache_I1/Using_FPGA_FSL_1.tag_hit_comparator/Comp_Carry_Chain[5].MUXCY_I/Read_Req                                                    | desig1_i/microblaze_0/U0/MicroBlaze_Core_I/sync_reset                                                                                        |                1 |              2 |
|  desig1_i/mdm_1/U0/Use_E2.BSCAN_I/Ext_JTAG_UPDATE         | desig1_i/mdm_1/U0/MDM_Core_I1/JTAG_CONTROL_I/FDC_I/Debug_Rst_i0                                                                                                                                                |                                                                                                                                              |                1 |              2 |
|  desig1_i/mdm_1/U0/Use_E2.BSCAN_I/Ext_JTAG_UPDATE         | desig1_i/microblaze_0/U0/MicroBlaze_Core_I/Performance.Core/Use_Debug_Logic.Master_Core.Debug_Perf/Command_Reg_En                                                                                              | desig1_i/microblaze_0/U0/MicroBlaze_Core_I/Performance.Core/Use_Debug_Logic.Master_Core.Debug_Perf/command_reg_clear                         |                1 |              2 |
|  desig1_i/clk_wiz_1/inst/clk_out1                         |                                                                                                                                                                                                                | desig1_i/mdm_1/U0/MDM_Core_I1/Use_Uart.clear_Ext_BRK_reg_0                                                                                   |                2 |              3 |
|  desig1_i/mdm_1/U0/Use_E2.BSCAN_I/Ext_JTAG_UPDATE         | desig1_i/mdm_1/U0/MDM_Core_I1/MDM_SEL                                                                                                                                                                          | desig1_i/mdm_1/U0/Use_E2.BSCAN_I/AR[0]                                                                                                       |                1 |              4 |
|  desig1_i/clk_wiz_1/inst/clk_out1                         | desig1_i/mdm_1/U0/MDM_Core_I1/JTAG_CONTROL_I/Use_UART.TX_FIFO_I/Using_FPGA.Native                                                                                                                              | desig1_i/mdm_1/U0/MDM_Core_I1/Use_Uart.reset_TX_FIFO_reg_n_0                                                                                 |                1 |              4 |
|  desig1_i/mdm_1/U0/No_Dbg_Reg_Access.BUFG_DRCK/Dbg_Clk_31 | desig1_i/mdm_1/U0/MDM_Core_I1/p_2_out_1                                                                                                                                                                        | desig1_i/mdm_1/U0/Use_E2.BSCAN_I/AR[0]                                                                                                       |                1 |              4 |
|  desig1_i/clk_wiz_1/inst/clk_out1                         | desig1_i/mdm_1/U0/Use_AXI_IPIF.AXI_LITE_IPIF_I/I_SLAVE_ATTACHMENT/start2                                                                                                                                       | desig1_i/mdm_1/U0/Use_AXI_IPIF.AXI_LITE_IPIF_I/I_SLAVE_ATTACHMENT/I_DECODER/cs_ce_clr                                                        |                1 |              4 |
|  desig1_i/clk_wiz_1/inst/clk_out1                         | desig1_i/mdm_1/U0/MDM_Core_I1/JTAG_CONTROL_I/Use_UART.RX_FIFO_I/Using_FPGA.Native                                                                                                                              | desig1_i/mdm_1/U0/MDM_Core_I1/Use_Uart.reset_RX_FIFO_reg_n_0                                                                                 |                1 |              4 |
|  desig1_i/clk_wiz_1/inst/clk_out1                         | desig1_i/microblaze_0/U0/MicroBlaze_Core_I/Performance.Core/Using_ICache.ICache_I1/read_victim_valid_reg_n_0                                                                                                   | desig1_i/microblaze_0/U0/MicroBlaze_Core_I/Performance.Core/Using_ICache.ICache_I1/Cache_Interface_I1/update_idle                            |                2 |              4 |
|  desig1_i/clk_wiz_1/inst/clk_out1                         | desig1_i/microblaze_0/U0/MicroBlaze_Core_I/Performance.Core/Using_DCache.Using_WriteThrough.DCache_I1/Using_New_CacheInterface_for_AXI.Cache_Interface_I1/write_req_granted                                    | desig1_i/microblaze_0/U0/MicroBlaze_Core_I/sync_reset                                                                                        |                2 |              4 |
|  desig1_i/mdm_1/U0/Use_E2.BSCAN_I/Ext_JTAG_UPDATE         | desig1_i/microblaze_0/U0/MicroBlaze_Core_I/Performance.Core/Use_Debug_Logic.Master_Core.Debug_Perf/Control_Reg_En                                                                                              |                                                                                                                                              |                2 |              4 |
| ~desig1_i/mdm_1/U0/Use_E2.BSCAN_I/Ext_JTAG_UPDATE         |                                                                                                                                                                                                                | desig1_i/mdm_1/U0/Use_E2.BSCAN_I/AR[0]                                                                                                       |                1 |              4 |
|  desig1_i/clk_wiz_1/inst/clk_out1                         | desig1_i/microblaze_0/U0/MicroBlaze_Core_I/Performance.Core/Using_DCache.Using_WriteThrough.DCache_I1/Using_New_CacheInterface_for_AXI.Cache_Interface_I1/Using_AXI.Use_AXI_Write.aw_read_fifo_addr[0]_i_1_n_0 | desig1_i/microblaze_0/U0/MicroBlaze_Core_I/sync_reset                                                                                        |                1 |              4 |
|  desig1_i/clk_wiz_1/inst/clk_out1                         |                                                                                                                                                                                                                | desig1_i/rst_clk_wiz_1_100M/U0/EXT_LPF/lpf_int                                                                                               |                4 |              5 |
|  desig1_i/clk_wiz_1/inst/clk_out1                         | desig1_i/microblaze_0/U0/MicroBlaze_Core_I/Performance.Core/Decode_I/wb_Halted                                                                                                                                 | desig1_i/microblaze_0/U0/MicroBlaze_Core_I/sync_reset                                                                                        |                1 |              5 |
|  desig1_i/clk_wiz_1/inst/clk_out1                         | desig1_i/microblaze_0/U0/MicroBlaze_Core_I/Performance.Core/Decode_I/WB_PipeRun                                                                                                                                | desig1_i/microblaze_0/U0/MicroBlaze_Core_I/sync_reset                                                                                        |                3 |              5 |
|  desig1_i/mdm_1/U0/No_Dbg_Reg_Access.BUFG_DRCK/Dbg_Clk_31 | desig1_i/mdm_1/U0/Use_E2.BSCAN_I/Use_Serial_Unified_Completion.count_reg[0]__0[0]                                                                                                                              |                                                                                                                                              |                2 |              6 |
|  desig1_i/mdm_1/U0/No_Dbg_Reg_Access.BUFG_DRCK/Dbg_Clk_31 | desig1_i/mdm_1/U0/MDM_Core_I1/JTAG_CONTROL_I/FDC_I/sample_1                                                                                                                                                    |                                                                                                                                              |                2 |              6 |
|  desig1_i/clk_wiz_1/inst/clk_out1                         | desig1_i/rst_clk_wiz_1_100M/U0/SEQ/seq_cnt_en                                                                                                                                                                  | desig1_i/rst_clk_wiz_1_100M/U0/SEQ/SEQ_COUNTER/clear                                                                                         |                1 |              6 |
|  desig1_i/mdm_1/U0/No_Dbg_Reg_Access.BUFG_DRCK/Dbg_Clk_31 | desig1_i/mdm_1/U0/Use_E2.BSCAN_I/Use_Serial_Unified_Completion.completion_status_reg[15]_0[0]                                                                                                                  |                                                                                                                                              |                2 |              6 |
|  desig1_i/mdm_1/U0/No_Dbg_Reg_Access.BUFG_DRCK/Dbg_Clk_31 | desig1_i/mdm_1/U0/Use_E2.BSCAN_I/Use_UART.tdo_reg_reg[7][0]                                                                                                                                                    |                                                                                                                                              |                2 |              8 |
|  desig1_i/mdm_1/U0/No_Dbg_Reg_Access.BUFG_DRCK/Dbg_Clk_31 | desig1_i/mdm_1/U0/MDM_Core_I1/JTAG_CONTROL_I/FDC_I/E[0]                                                                                                                                                        |                                                                                                                                              |                2 |              8 |
|  desig1_i/clk_wiz_1/inst/clk_out1                         | desig1_i/mdm_1/U0/Use_AXI_IPIF.AXI_LITE_IPIF_I/I_SLAVE_ATTACHMENT/S_AXI_RVALID                                                                                                                                 | desig1_i/microblaze_0/U0/MicroBlaze_Core_I/sync_reset                                                                                        |                1 |              8 |
|  desig1_i/clk_wiz_1/inst/clk_out1                         | desig1_i/mdm_1/U0/MDM_Core_I1/JTAG_CONTROL_I/Use_UART.TX_FIFO_I/Addr_Counters[2].FDRE_I/CI                                                                                                                     |                                                                                                                                              |                2 |              8 |
|  desig1_i/clk_wiz_1/inst/clk_out1                         | desig1_i/mdm_1/U0/Use_AXI_IPIF.AXI_LITE_IPIF_I/I_SLAVE_ATTACHMENT/s_axi_rdata_i                                                                                                                                | desig1_i/mdm_1/U0/Use_AXI_IPIF.AXI_LITE_IPIF_I/I_SLAVE_ATTACHMENT/rst                                                                        |                2 |              8 |
|  desig1_i/clk_wiz_1/inst/clk_out1                         |                                                                                                                                                                                                                | desig1_i/mdm_1/U0/Use_AXI_IPIF.AXI_LITE_IPIF_I/I_SLAVE_ATTACHMENT/rst                                                                        |                3 |              8 |
|  desig1_i/clk_wiz_1/inst/clk_out1                         | desig1_i/mdm_1/U0/MDM_Core_I1/JTAG_CONTROL_I/Use_UART.RX_FIFO_I/Addr_Counters[2].FDRE_I/CI                                                                                                                     |                                                                                                                                              |                2 |              8 |
| ~desig1_i/mdm_1/U0/Use_E2.BSCAN_I/Ext_JTAG_UPDATE         | desig1_i/mdm_1/U0/MDM_Core_I1/JTAG_CONTROL_I/command[0]_i_1_n_0                                                                                                                                                |                                                                                                                                              |                3 |              8 |
|  desig1_i/mdm_1/U0/Use_E2.BSCAN_I/Ext_JTAG_UPDATE         | desig1_i/mdm_1/U0/MDM_Core_I1/JTAG_CONTROL_I/FDC_I/command_1_reg[7][0]                                                                                                                                         |                                                                                                                                              |                2 |              8 |
|  desig1_i/mdm_1/U0/No_Dbg_Reg_Access.BUFG_DRCK/Dbg_Clk_31 | desig1_i/microblaze_0/U0/MicroBlaze_Core_I/Performance.Core/Use_Debug_Logic.Master_Core.Debug_Perf/Using_PC_Breakpoints.All_PC_Brks[0].Serial_Interface_1.address_hit_I/Compare[0].SRLC16E_I/which_pc          |                                                                                                                                              |                7 |              8 |
|  desig1_i/mdm_1/U0/No_Dbg_Reg_Access.BUFG_DRCK/Dbg_Clk_31 | desig1_i/mdm_1/U0/MDM_Core_I1/JTAG_CONTROL_I/tdi_shifter0                                                                                                                                                      |                                                                                                                                              |                2 |              8 |
|  desig1_i/clk_wiz_1/inst/clk_out1                         | desig1_i/microblaze_0/U0/MicroBlaze_Core_I/Performance.Core/Using_DCache.Using_WriteThrough.DCache_I1/Using_New_CacheInterface_for_AXI.Cache_Interface_I1/SR[0]                                                | desig1_i/microblaze_0/U0/MicroBlaze_Core_I/sync_reset                                                                                        |                2 |              9 |
|  desig1_i/clk_wiz_1/inst/clk_out1                         | desig1_i/microblaze_0/U0/MicroBlaze_Core_I/Performance.Core/Using_DCache.Using_WriteThrough.DCache_I1/Using_Latch_AS_Logic_1.AND2B1L_I1/E[0]                                                                   | desig1_i/microblaze_0/U0/MicroBlaze_Core_I/sync_reset                                                                                        |                2 |              9 |
|  desig1_i/mdm_1/U0/No_Dbg_Reg_Access.BUFG_DRCK/Dbg_Clk_31 | desig1_i/mdm_1/U0/MDM_Core_I1/JTAG_CONTROL_I/FDC_I/Use_Serial_Unified_Completion.completion_status_reg[0][0]                                                                                                   |                                                                                                                                              |                3 |             10 |
|  desig1_i/clk_wiz_1/inst/clk_out1                         | desig1_i/microblaze_0/U0/MicroBlaze_Core_I/Performance.Core/Decode_I/PreFetch_Buffer_I1/OF_Valid_DFF/E[0]                                                                                                      | desig1_i/microblaze_0/U0/MicroBlaze_Core_I/sync_reset                                                                                        |                4 |             16 |
|  desig1_i/clk_wiz_1/inst/clk_out1                         | desig1_i/microblaze_0/U0/MicroBlaze_Core_I/Performance.Core/Using_DCache.Using_WriteThrough.DCache_I1/dcache_data_strobe_sel_carry_or_2/MUXCY_I/lopt_7                                                         | desig1_i/microblaze_0/U0/MicroBlaze_Core_I/sync_reset                                                                                        |                9 |             20 |
|  desig1_i/mdm_1/U0/No_Dbg_Reg_Access.BUFG_DRCK/Dbg_Clk_31 |                                                                                                                                                                                                                | desig1_i/mdm_1/U0/Use_E2.BSCAN_I/shift_n_reset                                                                                               |                5 |             23 |
|  desig1_i/clk_wiz_1/inst/clk_out1                         | desig1_i/microblaze_0/U0/MicroBlaze_Core_I/Performance.Core/Using_ICache.ICache_I1/Using_FPGA_FSL_1.tag_hit_comparator/Comp_Carry_Chain[5].MUXCY_I/E[0]                                                        | desig1_i/microblaze_0/U0/MicroBlaze_Core_I/sync_reset                                                                                        |                8 |             26 |
|  desig1_i/clk_wiz_1/inst/clk_out1                         | desig1_i/microblaze_0/U0/MicroBlaze_Core_I/Performance.Core/Using_ICache.ICache_I1/Cache_Interface_I1/update_idle                                                                                              |                                                                                                                                              |                9 |             26 |
|  desig1_i/clk_wiz_1/inst/clk_out1                         | desig1_i/microblaze_0/U0/MicroBlaze_Core_I/Performance.Core/Decode_I/Using_ICache_Carry_Chain.ib_addr_strobe_i_carry_or/MUXCY_I/lopt_4                                                                         |                                                                                                                                              |                9 |             28 |
|  desig1_i/clk_wiz_1/inst/clk_out1                         | desig1_i/microblaze_0/U0/MicroBlaze_Core_I/Performance.Core/Decode_I/Use_MuxCy[3].OF_Piperun_Stage/MUXCY_I/E[0]                                                                                                | desig1_i/microblaze_0/U0/MicroBlaze_Core_I/sync_reset                                                                                        |                6 |             32 |
|  desig1_i/clk_wiz_1/inst/clk_out1                         | desig1_i/microblaze_0/U0/MicroBlaze_Core_I/Performance.Core/Decode_I/jump_logic_I1/MUXCY_JUMP_CARRY6/if_pc_reg[0][0]                                                                                           | desig1_i/microblaze_0/U0/MicroBlaze_Core_I/sync_reset                                                                                        |                9 |             32 |
|  desig1_i/clk_wiz_1/inst/clk_out1                         | desig1_i/microblaze_0/U0/MicroBlaze_Core_I/Performance.Core/Use_Debug_Logic.Master_Core.Debug_Perf/data_rd_reg[0]_i_1_n_0                                                                                      | desig1_i/microblaze_0/U0/MicroBlaze_Core_I/sync_reset                                                                                        |               11 |             32 |
|  desig1_i/clk_wiz_1/inst/clk_out1                         |                                                                                                                                                                                                                | desig1_i/microblaze_0/U0/MicroBlaze_Core_I/Performance.Core/Use_DLMB.wb_dlmb_valid_read_data[0]_i_1_n_0                                      |               11 |             32 |
|  desig1_i/clk_wiz_1/inst/clk_out1                         | desig1_i/microblaze_0/U0/MicroBlaze_Core_I/Performance.Core/Using_DCache.Using_WriteThrough.DCache_I1/dcache_data_strobe_sel_carry_or_2/MUXCY_I/lopt_7                                                         |                                                                                                                                              |                5 |             32 |
|  desig1_i/clk_wiz_1/inst/clk_out1                         | desig1_i/microblaze_0/U0/MicroBlaze_Core_I/Performance.Core/Using_DCache.Using_WriteThrough.DCache_I1/dcache_data_strobe_sel_carry_or_2/MUXCY_I/lopt_7                                                         | desig1_i/microblaze_0/U0/MicroBlaze_Core_I/Performance.Core/Decode_I/SR[0]                                                                   |               11 |             32 |
|  desig1_i/clk_wiz_1/inst/clk_out1                         | desig1_i/microblaze_0/U0/MicroBlaze_Core_I/Performance.Core/Decode_I/Use_MuxCy[1].OF_Piperun_Stage/MUXCY_I/lopt_4                                                                                              | desig1_i/microblaze_0/U0/MicroBlaze_Core_I/Performance.Core/Decode_I/R                                                                       |               12 |             32 |
|  desig1_i/mdm_1/U0/No_Dbg_Reg_Access.BUFG_DRCK/Dbg_Clk_31 | desig1_i/microblaze_0/U0/MicroBlaze_Core_I/Performance.Core/Use_Debug_Logic.Master_Core.Debug_Perf/New_Dbg_Instr_TCK                                                                                           |                                                                                                                                              |               11 |             32 |
|  desig1_i/mdm_1/U0/No_Dbg_Reg_Access.BUFG_DRCK/Dbg_Clk_31 | desig1_i/mdm_1/U0/Use_E2.BSCAN_I/Dbg_Capture_0                                                                                                                                                                 |                                                                                                                                              |               11 |             47 |
|  desig1_i/clk_wiz_1/inst/clk_out1                         | desig1_i/microblaze_0/U0/MicroBlaze_Core_I/Performance.Core/Decode_I/Using_ICache_Carry_Chain.Using_Latch_AS_Logic.AND2B1L_I1/if_ready                                                                         |                                                                                                                                              |               10 |             75 |
|  desig1_i/mdm_1/U0/No_Dbg_Reg_Access.BUFG_DRCK/Dbg_Clk_31 |                                                                                                                                                                                                                |                                                                                                                                              |               27 |             88 |
|  desig1_i/clk_wiz_1/inst/clk_out1                         | desig1_i/microblaze_0/U0/MicroBlaze_Core_I/Performance.Core/Decode_I/Use_MuxCy[1].OF_Piperun_Stage/MUXCY_I/lopt_4                                                                                              | desig1_i/microblaze_0/U0/MicroBlaze_Core_I/sync_reset                                                                                        |               29 |             89 |
|  desig1_i/clk_wiz_1/inst/clk_out1                         | desig1_i/microblaze_0/U0/MicroBlaze_Core_I/Performance.Core/Decode_I/D[34]                                                                                                                                     |                                                                                                                                              |               16 |            128 |
|  desig1_i/clk_wiz_1/inst/clk_out1                         |                                                                                                                                                                                                                |                                                                                                                                              |               49 |            157 |
|  desig1_i/clk_wiz_1/inst/clk_out1                         | desig1_i/microblaze_0/U0/MicroBlaze_Core_I/Performance.Core/Decode_I/Use_MuxCy[9].OF_Piperun_Stage/MUXCY_I/lopt_4                                                                                              | desig1_i/microblaze_0/U0/MicroBlaze_Core_I/sync_reset                                                                                        |               74 |            218 |
|  desig1_i/clk_wiz_1/inst/clk_out1                         |                                                                                                                                                                                                                | desig1_i/microblaze_0/U0/MicroBlaze_Core_I/sync_reset                                                                                        |              108 |            242 |
+-----------------------------------------------------------+----------------------------------------------------------------------------------------------------------------------------------------------------------------------------------------------------------------+----------------------------------------------------------------------------------------------------------------------------------------------+------------------+----------------+


+--------+-----------------------+
| Fanout | Number of ControlSets |
+--------+-----------------------+
| 1      |                     9 |
| 2      |                     5 |
| 3      |                     1 |
| 4      |                    10 |
| 5      |                     3 |
| 6      |                     4 |
| 8      |                    11 |
| 9      |                     2 |
| 10     |                     1 |
| 16+    |                    22 |
+--------+-----------------------+


