#-----------------------------------------------------------
# Vivado v2016.4 (64-bit)
# SW Build 1756540 on Mon Jan 23 19:11:23 MST 2017
# IP Build 1755317 on Mon Jan 23 20:30:07 MST 2017
# Start of session at: Fri Mar 24 12:23:05 2017
# Process ID: 15916
# Current directory: C:/Users/Joao/Desktop/cr/Git/Reconfigurable_Computing/Lesson4/swtodisplays/swtodisplays.runs/swtodisplays_BinToBCD16_0_0_synth_1
# Command line: vivado.exe -log swtodisplays_BinToBCD16_0_0.vds -product Vivado -mode batch -messageDb vivado.pb -notrace -source swtodisplays_BinToBCD16_0_0.tcl
# Log file: C:/Users/Joao/Desktop/cr/Git/Reconfigurable_Computing/Lesson4/swtodisplays/swtodisplays.runs/swtodisplays_BinToBCD16_0_0_synth_1/swtodisplays_BinToBCD16_0_0.vds
# Journal file: C:/Users/Joao/Desktop/cr/Git/Reconfigurable_Computing/Lesson4/swtodisplays/swtodisplays.runs/swtodisplays_BinToBCD16_0_0_synth_1\vivado.jou
#-----------------------------------------------------------
source swtodisplays_BinToBCD16_0_0.tcl -notrace
