#-----------------------------------------------------------
# Vivado v2016.4 (64-bit)
# SW Build 1756540 on Mon Jan 23 19:11:23 MST 2017
# IP Build 1755317 on Mon Jan 23 20:30:07 MST 2017
# Start of session at: Mon May 29 22:18:36 2017
# Process ID: 12276
# Current directory: D:/Migo/University/Computacao_Reconfiguravel/FSM
# Command line: vivado.exe -gui_launcher_event rodinguilauncherevent6544 D:\Migo\University\Computacao_Reconfiguravel\FSM\FSM.xpr
# Log file: D:/Migo/University/Computacao_Reconfiguravel/FSM/vivado.log
# Journal file: D:/Migo/University/Computacao_Reconfiguravel/FSM\vivado.jou
#-----------------------------------------------------------
start_gui
open_project D:/Migo/University/Computacao_Reconfiguravel/FSM/FSM.xpr
close [ open D:/Migo/University/Computacao_Reconfiguravel/FSM/FSM.srcs/sources_1/new/ex1_tb.vhd w ]
add_files D:/Migo/University/Computacao_Reconfiguravel/FSM/FSM.srcs/sources_1/new/ex1_tb.vhd
update_compile_order -fileset sources_1
update_compile_order -fileset sim_1
launch_simulation
reset_run synth_1
launch_runs synth_1 -jobs 8
wait_on_run synth_1
reset_run synth_1
launch_runs synth_1 -jobs 8
wait_on_run synth_1
open_run synth_1 -name synth_1
launch_simulation
source ex1_tb.tcl
run 10 us
run 10 us
run 10 us
run 10 us
run 10 us
run 10 us
run 10 us
run 10 us
run 10 us
run 10 us
run 10 us
run 10 us
run 10 us
run 10 us
run 10 us
run 10 us
run 10 us
run 10 us
run 10 us
run 10 us
run all
run all
run 10 s
run 10 s
reset_run synth_1
launch_runs synth_1 -jobs 8
wait_on_run synth_1
close_design
open_run synth_1 -name synth_1
run 10 s
run 10 s
reset_run synth_1
launch_runs synth_1 -jobs 8
wait_on_run synth_1
close_design
open_run synth_1 -name synth_1
close_sim
launch_simulation
source ex1_tb.tcl
run 10 s
run 100 s
reset_run synth_1
launch_runs synth_1 -jobs 8
wait_on_run synth_1
close_design
open_run synth_1 -name synth_1
close_sim
launch_simulation
source ex1_tb.tcl
run 10 s
run 10 s
run all
reset_run synth_1
launch_runs synth_1 -jobs 8
wait_on_run synth_1
close_design
open_run synth_1 -name synth_1
close_sim
launch_simulation
source ex1_tb.tcl
reset_run synth_1
launch_runs synth_1 -jobs 8
wait_on_run synth_1
close_sim
launch_simulation
source ex1_tb.tcl
run 10 s
reset_run synth_1
launch_runs synth_1 -jobs 8
wait_on_run synth_1
close_sim
launch_simulation
source ex1_tb.tcl
run all
run 10 s
