19:29:37 **** Build of project Ex6_1_bsp ****
make -k all 
"Running Make include in microblaze_0/libsrc/bram_v4_1/src"
make -C microblaze_0/libsrc/bram_v4_1/src -s include  "SHELL=CMD" "COMPILER=mb-gcc" "ARCHIVER=mb-ar" "COMPILER_FLAGS= -O2 -c -mcpu=v10.0 -mlittle-endian -mxl-soft-mul" "EXTRA_COMPILER_FLAGS=-g"
"Running Make include in microblaze_0/libsrc/cpu_v2_5/src"
make -C microblaze_0/libsrc/cpu_v2_5/src -s include  "SHELL=CMD" "COMPILER=mb-gcc" "ARCHIVER=mb-ar" "COMPILER_FLAGS= -O2 -c -mcpu=v10.0 -mlittle-endian -mxl-soft-mul" "EXTRA_COMPILER_FLAGS=-g"
"Running Make include in microblaze_0/libsrc/gpio_v4_3/src"
make -C microblaze_0/libsrc/gpio_v4_3/src -s include  "SHELL=CMD" "COMPILER=mb-gcc" "ARCHIVER=mb-ar" "COMPILER_FLAGS= -O2 -c -mcpu=v10.0 -mlittle-endian -mxl-soft-mul" "EXTRA_COMPILER_FLAGS=-g"
"Running Make include in microblaze_0/libsrc/standalone_v6_1/src"
make -C microblaze_0/libsrc/standalone_v6_1/src -s include  "SHELL=CMD" "COMPILER=mb-gcc" "ARCHIVER=mb-ar" "COMPILER_FLAGS= -O2 -c -mcpu=v10.0 -mlittle-endian -mxl-soft-mul" "EXTRA_COMPILER_FLAGS=-g"
"Running Make include in microblaze_0/libsrc/uartlite_v3_2/src"
make -C microblaze_0/libsrc/uartlite_v3_2/src -s include  "SHELL=CMD" "COMPILER=mb-gcc" "ARCHIVER=mb-ar" "COMPILER_FLAGS= -O2 -c -mcpu=v10.0 -mlittle-endian -mxl-soft-mul" "EXTRA_COMPILER_FLAGS=-g"
"Running Make libs in microblaze_0/libsrc/bram_v4_1/src"
make -C microblaze_0/libsrc/bram_v4_1/src -s libs  "SHELL=CMD" "COMPILER=mb-gcc" "ARCHIVER=mb-ar" "COMPILER_FLAGS= -O2 -c -mcpu=v10.0 -mlittle-endian -mxl-soft-mul" "EXTRA_COMPILER_FLAGS=-g"
"Compiling bram"
mb-ar: creating ../../../lib/libxil.a
"Running Make libs in microblaze_0/libsrc/cpu_v2_5/src"
make -C microblaze_0/libsrc/cpu_v2_5/src -s libs  "SHELL=CMD" "COMPILER=mb-gcc" "ARCHIVER=mb-ar" "COMPILER_FLAGS= -O2 -c -mcpu=v10.0 -mlittle-endian -mxl-soft-mul" "EXTRA_COMPILER_FLAGS=-g"
"Compiling cpu"
"Running Make libs in microblaze_0/libsrc/gpio_v4_3/src"
make -C microblaze_0/libsrc/gpio_v4_3/src -s libs  "SHELL=CMD" "COMPILER=mb-gcc" "ARCHIVER=mb-ar" "COMPILER_FLAGS= -O2 -c -mcpu=v10.0 -mlittle-endian -mxl-soft-mul" "EXTRA_COMPILER_FLAGS=-g"
"Compiling gpio"
"Running Make libs in microblaze_0/libsrc/standalone_v6_1/src"
make -C microblaze_0/libsrc/standalone_v6_1/src -s libs  "SHELL=CMD" "COMPILER=mb-gcc" "ARCHIVER=mb-ar" "COMPILER_FLAGS= -O2 -c -mcpu=v10.0 -mlittle-endian -mxl-soft-mul" "EXTRA_COMPILER_FLAGS=-g"
"Compiling standalone";
"Running Make libs in microblaze_0/libsrc/uartlite_v3_2/src"
make -C microblaze_0/libsrc/uartlite_v3_2/src -s libs  "SHELL=CMD" "COMPILER=mb-gcc" "ARCHIVER=mb-ar" "COMPILER_FLAGS= -O2 -c -mcpu=v10.0 -mlittle-endian -mxl-soft-mul" "EXTRA_COMPILER_FLAGS=-g"
"Compiling uartlite"
'Finished building libraries'
19:30:13 **** Build of configuration Debug for project Ex6_1 ****
make all 
'Building file: ../src/helloworld.c'
'Invoking: MicroBlaze gcc compiler'
mb-gcc -Wall -O0 -g3 -c -fmessage-length=0 -MT"src/helloworld.o" -I../../Ex6_1_bsp/microblaze_0/include -mlittle-endian -mcpu=v10.0 -mxl-soft-mul -Wl,--no-relax -MMD -MP -MF"src/helloworld.d" -MT"src/helloworld.o" -o "src/helloworld.o" "../src/helloworld.c"
'Finished building: ../src/helloworld.c'
' '
'Building file: ../src/platform.c'
'Invoking: MicroBlaze gcc compiler'
mb-gcc -Wall -O0 -g3 -c -fmessage-length=0 -MT"src/platform.o" -I../../Ex6_1_bsp/microblaze_0/include -mlittle-endian -mcpu=v10.0 -mxl-soft-mul -Wl,--no-relax -MMD -MP -MF"src/platform.d" -MT"src/platform.o" -o "src/platform.o" "../src/platform.c"
'Finished building: ../src/platform.c'
' '
'Building target: Ex6_1.elf'
'Invoking: MicroBlaze gcc linker'
mb-gcc -Wl,-T -Wl,../src/lscript.ld -L../../Ex6_1_bsp/microblaze_0/lib -mlittle-endian -mcpu=v10.0 -mxl-soft-mul -Wl,--no-relax -o "Ex6_1.elf"  ./src/helloworld.o ./src/platform.o   -Wl,--start-group,-lxil,-lgcc,-lc,--end-group
'Finished building target: Ex6_1.elf'
' '
'Invoking: MicroBlaze Print Size'
mb-size Ex6_1.elf  |tee "Ex6_1.elf.size"
   text	   data	    bss	    dec	    hex	filename
   2852	    292	   3128	   6272	   1880	Ex6_1.elf
'Finished building: Ex6_1.elf.size'
' '
19:30:20 **** Auto Build of configuration Debug for project Ex6_1 ****
make all 
make: Nothing to be done for `all'.
20:01:43 **** Auto Build of configuration Debug for project Ex6_1 ****
make all 
'Building file: ../src/helloworld.c'
'Invoking: MicroBlaze gcc compiler'
mb-gcc -Wall -O0 -g3 -c -fmessage-length=0 -MT"src/helloworld.o" -I../../Ex6_1_bsp/microblaze_0/include -mlittle-endian -mcpu=v10.0 -mxl-soft-mul -Wl,--no-relax -MMD -MP -MF"src/helloworld.d" -MT"src/helloworld.o" -o "src/helloworld.o" "../src/helloworld.c"
'Finished building: ../src/helloworld.c'
' '
'Building target: Ex6_1.elf'
'Invoking: MicroBlaze gcc linker'
mb-gcc -Wl,-T -Wl,../src/lscript.ld -L../../Ex6_1_bsp/microblaze_0/lib -mlittle-endian -mcpu=v10.0 -mxl-soft-mul -Wl,--no-relax -o "Ex6_1.elf"  ./src/helloworld.o ./src/platform.o   -Wl,--start-group,-lxil,-lgcc,-lc,--end-group
'Finished building target: Ex6_1.elf'
' '
'Invoking: MicroBlaze Print Size'
mb-size Ex6_1.elf  |tee "Ex6_1.elf.size"
   text	   data	    bss	    dec	    hex	filename
   3856	    292	   3124	   7272	   1c68	Ex6_1.elf
'Finished building: Ex6_1.elf.size'
' '
20:03:05 **** Auto Build of configuration Debug for project Ex6_1 ****
make all 
'Building file: ../src/helloworld.c'
'Invoking: MicroBlaze gcc compiler'
mb-gcc -Wall -O0 -g3 -c -fmessage-length=0 -MT"src/helloworld.o" -I../../Ex6_1_bsp/microblaze_0/include -mlittle-endian -mcpu=v10.0 -mxl-soft-mul -Wl,--no-relax -MMD -MP -MF"src/helloworld.d" -MT"src/helloworld.o" -o "src/helloworld.o" "../src/helloworld.c"
'Finished building: ../src/helloworld.c'
' '
'Building target: Ex6_1.elf'
'Invoking: MicroBlaze gcc linker'
mb-gcc -Wl,-T -Wl,../src/lscript.ld -L../../Ex6_1_bsp/microblaze_0/lib -mlittle-endian -mcpu=v10.0 -mxl-soft-mul -Wl,--no-relax -o "Ex6_1.elf"  ./src/helloworld.o ./src/platform.o   -Wl,--start-group,-lxil,-lgcc,-lc,--end-group
'Finished building target: Ex6_1.elf'
' '
'Invoking: MicroBlaze Print Size'
mb-size Ex6_1.elf  |tee "Ex6_1.elf.size"
   text	   data	    bss	    dec	    hex	filename
   3892	    292	   3128	   7312	   1c90	Ex6_1.elf
'Finished building: Ex6_1.elf.size'
' '
20:04:57 **** Auto Build of configuration Debug for project Ex6_1 ****
make all 
'Building file: ../src/helloworld.c'
'Invoking: MicroBlaze gcc compiler'
mb-gcc -Wall -O0 -g3 -c -fmessage-length=0 -MT"src/helloworld.o" -I../../Ex6_1_bsp/microblaze_0/include -mlittle-endian -mcpu=v10.0 -mxl-soft-mul -Wl,--no-relax -MMD -MP -MF"src/helloworld.d" -MT"src/helloworld.o" -o "src/helloworld.o" "../src/helloworld.c"
../src/helloworld.c: In function 'TestRam':
../src/helloworld.c:61:23: error: 'GPIO' undeclared (first use in this function)
  XGpio_DiscreteWrite(&GPIO, 1, word);
                       ^
../src/helloworld.c:61:23: note: each undeclared identifier is reported only once for each function it appears in
make: *** [src/helloworld.o] Error 1
20:05:25 **** Auto Build of configuration Debug for project Ex6_1 ****
make all 
'Building file: ../src/helloworld.c'
'Invoking: MicroBlaze gcc compiler'
mb-gcc -Wall -O0 -g3 -c -fmessage-length=0 -MT"src/helloworld.o" -I../../Ex6_1_bsp/microblaze_0/include -mlittle-endian -mcpu=v10.0 -mxl-soft-mul -Wl,--no-relax -MMD -MP -MF"src/helloworld.d" -MT"src/helloworld.o" -o "src/helloworld.o" "../src/helloworld.c"
'Finished building: ../src/helloworld.c'
' '
'Building target: Ex6_1.elf'
'Invoking: MicroBlaze gcc linker'
mb-gcc -Wl,-T -Wl,../src/lscript.ld -L../../Ex6_1_bsp/microblaze_0/lib -mlittle-endian -mcpu=v10.0 -mxl-soft-mul -Wl,--no-relax -o "Ex6_1.elf"  ./src/helloworld.o ./src/platform.o   -Wl,--start-group,-lxil,-lgcc,-lc,--end-group
'Finished building target: Ex6_1.elf'
' '
'Invoking: MicroBlaze Print Size'
mb-size Ex6_1.elf  |tee "Ex6_1.elf.size"
   text	   data	    bss	    dec	    hex	filename
   3960	    292	   3156	   7408	   1cf0	Ex6_1.elf
'Finished building: Ex6_1.elf.size'
' '
20:15:20 **** Auto Build of configuration Debug for project Ex6_1 ****
make all 
'Building file: ../src/helloworld.c'
'Invoking: MicroBlaze gcc compiler'
mb-gcc -Wall -O0 -g3 -c -fmessage-length=0 -MT"src/helloworld.o" -I../../Ex6_1_bsp/microblaze_0/include -mlittle-endian -mcpu=v10.0 -mxl-soft-mul -Wl,--no-relax -MMD -MP -MF"src/helloworld.d" -MT"src/helloworld.o" -o "src/helloworld.o" "../src/helloworld.c"
../src/helloworld.c: In function 'TestRam':
../src/helloworld.c:62:7: error: void value not ignored as it ought to be
   word=
       ^
../src/helloworld.c:58:6: warning: unused variable 'array' [-Wunused-variable]
  int array[]={0x00,0x01,0x04,0xFE,0x0F,0x60,0x43,0x54,0xFF,0xDE,0x29,0x73,0xAA};
      ^
make: *** [src/helloworld.o] Error 1
20:21:19 **** Auto Build of configuration Debug for project Ex6_1 ****
make all 
'Building file: ../src/helloworld.c'
'Invoking: MicroBlaze gcc compiler'
mb-gcc -Wall -O0 -g3 -c -fmessage-length=0 -MT"src/helloworld.o" -I../../Ex6_1_bsp/microblaze_0/include -mlittle-endian -mcpu=v10.0 -mxl-soft-mul -Wl,--no-relax -MMD -MP -MF"src/helloworld.d" -MT"src/helloworld.o" -o "src/helloworld.o" "../src/helloworld.c"
../src/helloworld.c: In function 'TestRam':
../src/helloworld.c:62:18: error: invalid suffix "x" on integer constant
   word=array[i]|(0x)
                  ^
../src/helloworld.c:63:3: error: expected ';' before 'XGpio_DiscreteWrite'
   XGpio_DiscreteWrite(&GPIO, 1, word);
   ^
make: *** [src/helloworld.o] Error 1
20:22:07 **** Auto Build of configuration Debug for project Ex6_1 ****
make all 
'Building file: ../src/helloworld.c'
'Invoking: MicroBlaze gcc compiler'
mb-gcc -Wall -O0 -g3 -c -fmessage-length=0 -MT"src/helloworld.o" -I../../Ex6_1_bsp/microblaze_0/include -mlittle-endian -mcpu=v10.0 -mxl-soft-mul -Wl,--no-relax -MMD -MP -MF"src/helloworld.d" -MT"src/helloworld.o" -o "src/helloworld.o" "../src/helloworld.c"
'Finished building: ../src/helloworld.c'
' '
'Building target: Ex6_1.elf'
'Invoking: MicroBlaze gcc linker'
mb-gcc -Wl,-T -Wl,../src/lscript.ld -L../../Ex6_1_bsp/microblaze_0/lib -mlittle-endian -mcpu=v10.0 -mxl-soft-mul -Wl,--no-relax -o "Ex6_1.elf"  ./src/helloworld.o ./src/platform.o   -Wl,--start-group,-lxil,-lgcc,-lc,--end-group
'Finished building target: Ex6_1.elf'
' '
'Invoking: MicroBlaze Print Size'
mb-size Ex6_1.elf  |tee "Ex6_1.elf.size"
   text	   data	    bss	    dec	    hex	filename
   4264	    292	   3156	   7712	   1e20	Ex6_1.elf
'Finished building: Ex6_1.elf.size'
' '
20:30:03 **** Incremental Build of configuration Debug for project Ex6_1 ****
make all 
make: Nothing to be done for `all'.
20:30:16 **** Incremental Build of configuration Debug for project Ex6_1 ****
make all 
make: Nothing to be done for `all'.
22:54:38 **** Incremental Build of configuration Debug for project Ex6_1 ****
make all 
make: Nothing to be done for `all'.
22:56:00 **** Auto Build of configuration Debug for project Ex6_1 ****
make all 
'Building file: ../src/helloworld.c'
'Invoking: MicroBlaze gcc compiler'
mb-gcc -Wall -O0 -g3 -c -fmessage-length=0 -MT"src/helloworld.o" -I../../Ex6_1_bsp/microblaze_0/include -mlittle-endian -mcpu=v10.0 -mxl-soft-mul -Wl,--no-relax -MMD -MP -MF"src/helloworld.d" -MT"src/helloworld.o" -o "src/helloworld.o" "../src/helloworld.c"
'Finished building: ../src/helloworld.c'
' '
'Building target: Ex6_1.elf'
'Invoking: MicroBlaze gcc linker'
mb-gcc -Wl,-T -Wl,../src/lscript.ld -L../../Ex6_1_bsp/microblaze_0/lib -mlittle-endian -mcpu=v10.0 -mxl-soft-mul -Wl,--no-relax -o "Ex6_1.elf"  ./src/helloworld.o ./src/platform.o   -Wl,--start-group,-lxil,-lgcc,-lc,--end-group
'Finished building target: Ex6_1.elf'
' '
'Invoking: MicroBlaze Print Size'
mb-size Ex6_1.elf  |tee "Ex6_1.elf.size"
   text	   data	    bss	    dec	    hex	filename
   4328	    292	   3156	   7776	   1e60	Ex6_1.elf
'Finished building: Ex6_1.elf.size'
' '
22:56:03 **** Incremental Build of configuration Debug for project Ex6_1 ****
make all 
make: Nothing to be done for `all'.
23:00:12 **** Incremental Build of configuration Debug for project Ex6_1 ****
make all 
make: Nothing to be done for `all'.
23:05:48 **** Incremental Build of configuration Debug for project Ex6_1 ****
make all 
make: Nothing to be done for `all'.
23:06:55 **** Incremental Build of configuration Debug for project Ex6_1 ****
make all 
'Building file: ../src/helloworld.c'
'Invoking: MicroBlaze gcc compiler'
mb-gcc -Wall -O0 -g3 -c -fmessage-length=0 -MT"src/helloworld.o" -I../../Ex6_1_bsp/microblaze_0/include -mlittle-endian -mcpu=v10.0 -mxl-soft-mul -Wl,--no-relax -MMD -MP -MF"src/helloworld.d" -MT"src/helloworld.o" -o "src/helloworld.o" "../src/helloworld.c"
../src/helloworld.c:50:24: fatal error: xil_printf.h: No such file or directory
compilation terminated.
make: *** [src/helloworld.o] Error 1
23:08:25 **** Incremental Build of configuration Debug for project Ex6_1 ****
make all 
'Building file: ../src/helloworld.c'
'Invoking: MicroBlaze gcc compiler'
mb-gcc -Wall -O0 -g3 -c -fmessage-length=0 -MT"src/helloworld.o" -I../../Ex6_1_bsp/microblaze_0/include -mlittle-endian -mcpu=v10.0 -mxl-soft-mul -Wl,--no-relax -MMD -MP -MF"src/helloworld.d" -MT"src/helloworld.o" -o "src/helloworld.o" "../src/helloworld.c"
../src/helloworld.c:50:24: fatal error: xil_printf.h: No such file or directory
compilation terminated.
make: *** [src/helloworld.o] Error 1
23:08:46 **** Incremental Build of configuration Debug for project Ex6_1 ****
make all 
'Building file: ../src/helloworld.c'
'Invoking: MicroBlaze gcc compiler'
mb-gcc -Wall -O0 -g3 -c -fmessage-length=0 -MT"src/helloworld.o" -I../../Ex6_1_bsp/microblaze_0/include -mlittle-endian -mcpu=v10.0 -mxl-soft-mul -Wl,--no-relax -MMD -MP -MF"src/helloworld.d" -MT"src/helloworld.o" -o "src/helloworld.o" "../src/helloworld.c"
../src/helloworld.c:50:24: fatal error: xil_printf.h: No such file or directory
compilation terminated.
make: *** [src/helloworld.o] Error 1
23:08:51 **** Incremental Build of configuration Debug for project Ex6_1 ****
make all 
'Building file: ../src/helloworld.c'
'Invoking: MicroBlaze gcc compiler'
mb-gcc -Wall -O0 -g3 -c -fmessage-length=0 -MT"src/helloworld.o" -I../../Ex6_1_bsp/microblaze_0/include -mlittle-endian -mcpu=v10.0 -mxl-soft-mul -Wl,--no-relax -MMD -MP -MF"src/helloworld.d" -MT"src/helloworld.o" -o "src/helloworld.o" "../src/helloworld.c"
../src/helloworld.c:50:24: fatal error: xil_printf.h: No such file or directory
compilation terminated.
make: *** [src/helloworld.o] Error 1
23:09:57 **** Auto Build of configuration Debug for project Ex6_1 ****
make all 
'Building file: ../src/helloworld.c'
'Invoking: MicroBlaze gcc compiler'
mb-gcc -Wall -O0 -g3 -c -fmessage-length=0 -MT"src/helloworld.o" -I../../Ex6_1_bsp/microblaze_0/include -mlittle-endian -mcpu=v10.0 -mxl-soft-mul -Wl,--no-relax -MMD -MP -MF"src/helloworld.d" -MT"src/helloworld.o" -o "src/helloworld.o" "../src/helloworld.c"
../src/helloworld.c:50:23: fatal error: xil_print.h: No such file or directory
compilation terminated.
make: *** [src/helloworld.o] Error 1
23:10:08 **** Incremental Build of configuration Debug for project Ex6_1 ****
make all 
'Building file: ../src/helloworld.c'
'Invoking: MicroBlaze gcc compiler'
mb-gcc -Wall -O0 -g3 -c -fmessage-length=0 -MT"src/helloworld.o" -I../../Ex6_1_bsp/microblaze_0/include -mlittle-endian -mcpu=v10.0 -mxl-soft-mul -Wl,--no-relax -MMD -MP -MF"src/helloworld.d" -MT"src/helloworld.o" -o "src/helloworld.o" "../src/helloworld.c"
../src/helloworld.c:50:23: fatal error: xil_print.h: No such file or directory
compilation terminated.
make: *** [src/helloworld.o] Error 1
23:10:13 **** Auto Build of configuration Debug for project Ex6_1 ****
make all 
'Building file: ../src/helloworld.c'
'Invoking: MicroBlaze gcc compiler'
mb-gcc -Wall -O0 -g3 -c -fmessage-length=0 -MT"src/helloworld.o" -I../../Ex6_1_bsp/microblaze_0/include -mlittle-endian -mcpu=v10.0 -mxl-soft-mul -Wl,--no-relax -MMD -MP -MF"src/helloworld.d" -MT"src/helloworld.o" -o "src/helloworld.o" "../src/helloworld.c"
../src/helloworld.c:50:24: fatal error: xil_printf.h: No such file or directory
compilation terminated.
make: *** [src/helloworld.o] Error 1
23:10:26 **** Incremental Build of configuration Debug for project Ex6_1 ****
make all 
'Building file: ../src/helloworld.c'
'Invoking: MicroBlaze gcc compiler'
mb-gcc -Wall -O0 -g3 -c -fmessage-length=0 -MT"src/helloworld.o" -I../../Ex6_1_bsp/microblaze_0/include -mlittle-endian -mcpu=v10.0 -mxl-soft-mul -Wl,--no-relax -MMD -MP -MF"src/helloworld.d" -MT"src/helloworld.o" -o "src/helloworld.o" "../src/helloworld.c"
../src/helloworld.c:50:24: fatal error: xil_printf.h: No such file or directory
compilation terminated.
make: *** [src/helloworld.o] Error 1
23:12:17 **** Auto Build of project Ex6_1_bsp ****
make -k all 
"Running Make include in microblaze_0/libsrc/bram_v4_1/src"
make -C microblaze_0/libsrc/bram_v4_1/src -s include  "SHELL=CMD" "COMPILER=mb-gcc" "ARCHIVER=mb-ar" "COMPILER_FLAGS= -O2 -c -mcpu=v10.0 -mlittle-endian -mxl-soft-mul" "EXTRA_COMPILER_FLAGS=-g"
"Running Make include in microblaze_0/libsrc/cpu_v2_5/src"
make -C microblaze_0/libsrc/cpu_v2_5/src -s include  "SHELL=CMD" "COMPILER=mb-gcc" "ARCHIVER=mb-ar" "COMPILER_FLAGS= -O2 -c -mcpu=v10.0 -mlittle-endian -mxl-soft-mul" "EXTRA_COMPILER_FLAGS=-g"
"Running Make include in microblaze_0/libsrc/gpio_v4_3/src"
make -C microblaze_0/libsrc/gpio_v4_3/src -s include  "SHELL=CMD" "COMPILER=mb-gcc" "ARCHIVER=mb-ar" "COMPILER_FLAGS= -O2 -c -mcpu=v10.0 -mlittle-endian -mxl-soft-mul" "EXTRA_COMPILER_FLAGS=-g"
"Running Make include in microblaze_0/libsrc/standalone_v6_1/src"
make -C microblaze_0/libsrc/standalone_v6_1/src -s include  "SHELL=CMD" "COMPILER=mb-gcc" "ARCHIVER=mb-ar" "COMPILER_FLAGS= -O2 -c -mcpu=v10.0 -mlittle-endian -mxl-soft-mul" "EXTRA_COMPILER_FLAGS=-g"
"Running Make include in microblaze_0/libsrc/uartlite_v3_2/src"
make -C microblaze_0/libsrc/uartlite_v3_2/src -s include  "SHELL=CMD" "COMPILER=mb-gcc" "ARCHIVER=mb-ar" "COMPILER_FLAGS= -O2 -c -mcpu=v10.0 -mlittle-endian -mxl-soft-mul" "EXTRA_COMPILER_FLAGS=-g"
"Running Make libs in microblaze_0/libsrc/bram_v4_1/src"
make -C microblaze_0/libsrc/bram_v4_1/src -s libs  "SHELL=CMD" "COMPILER=mb-gcc" "ARCHIVER=mb-ar" "COMPILER_FLAGS= -O2 -c -mcpu=v10.0 -mlittle-endian -mxl-soft-mul" "EXTRA_COMPILER_FLAGS=-g"
"Compiling bram"
mb-ar: creating ../../../lib/libxil.a
"Running Make libs in microblaze_0/libsrc/cpu_v2_5/src"
make -C microblaze_0/libsrc/cpu_v2_5/src -s libs  "SHELL=CMD" "COMPILER=mb-gcc" "ARCHIVER=mb-ar" "COMPILER_FLAGS= -O2 -c -mcpu=v10.0 -mlittle-endian -mxl-soft-mul" "EXTRA_COMPILER_FLAGS=-g"
"Compiling cpu"
"Running Make libs in microblaze_0/libsrc/gpio_v4_3/src"
make -C microblaze_0/libsrc/gpio_v4_3/src -s libs  "SHELL=CMD" "COMPILER=mb-gcc" "ARCHIVER=mb-ar" "COMPILER_FLAGS= -O2 -c -mcpu=v10.0 -mlittle-endian -mxl-soft-mul" "EXTRA_COMPILER_FLAGS=-g"
"Compiling gpio"
"Running Make libs in microblaze_0/libsrc/standalone_v6_1/src"
make -C microblaze_0/libsrc/standalone_v6_1/src -s libs  "SHELL=CMD" "COMPILER=mb-gcc" "ARCHIVER=mb-ar" "COMPILER_FLAGS= -O2 -c -mcpu=v10.0 -mlittle-endian -mxl-soft-mul" "EXTRA_COMPILER_FLAGS=-g"
"Compiling standalone";
"Running Make libs in microblaze_0/libsrc/uartlite_v3_2/src"
make -C microblaze_0/libsrc/uartlite_v3_2/src -s libs  "SHELL=CMD" "COMPILER=mb-gcc" "ARCHIVER=mb-ar" "COMPILER_FLAGS= -O2 -c -mcpu=v10.0 -mlittle-endian -mxl-soft-mul" "EXTRA_COMPILER_FLAGS=-g"
"Compiling uartlite"
'Finished building libraries'
23:12:27 **** Auto Build of configuration Debug for project Ex6_1 ****
make all 
'Building file: ../src/helloworld.c'
'Invoking: MicroBlaze gcc compiler'
mb-gcc -Wall -O0 -g3 -c -fmessage-length=0 -MT"src/helloworld.o" -I../../Ex6_1_bsp/microblaze_0/include -mlittle-endian -mcpu=v10.0 -mxl-soft-mul -Wl,--no-relax -MMD -MP -MF"src/helloworld.d" -MT"src/helloworld.o" -o "src/helloworld.o" "../src/helloworld.c"
'Finished building: ../src/helloworld.c'
' '
'Building file: ../src/platform.c'
'Invoking: MicroBlaze gcc compiler'
mb-gcc -Wall -O0 -g3 -c -fmessage-length=0 -MT"src/platform.o" -I../../Ex6_1_bsp/microblaze_0/include -mlittle-endian -mcpu=v10.0 -mxl-soft-mul -Wl,--no-relax -MMD -MP -MF"src/platform.d" -MT"src/platform.o" -o "src/platform.o" "../src/platform.c"
'Finished building: ../src/platform.c'
' '
'Building target: Ex6_1.elf'
'Invoking: MicroBlaze gcc linker'
mb-gcc -Wl,-T -Wl,../src/lscript.ld -L../../Ex6_1_bsp/microblaze_0/lib -mlittle-endian -mcpu=v10.0 -mxl-soft-mul -Wl,--no-relax -o "Ex6_1.elf"  ./src/helloworld.o ./src/platform.o   -Wl,--start-group,-lxil,-lgcc,-lc,--end-group
'Finished building target: Ex6_1.elf'
' '
'Invoking: MicroBlaze Print Size'
mb-size Ex6_1.elf  |tee "Ex6_1.elf.size"
   text	   data	    bss	    dec	    hex	filename
   4328	    292	   3156	   7776	   1e60	Ex6_1.elf
'Finished building: Ex6_1.elf.size'
' '
23:13:22 **** Incremental Build of configuration Debug for project Ex6_1 ****
make all 
make: Nothing to be done for `all'.
23:13:36 **** Incremental Build of configuration Debug for project Ex6_1 ****
make all 
make: Nothing to be done for `all'.
23:13:48 **** Incremental Build of configuration Debug for project Ex6_1 ****
make all 
make: Nothing to be done for `all'.
23:15:15 **** Incremental Build of configuration Debug for project Ex6_1 ****
make all 
make: Nothing to be done for `all'.
23:45:09 **** Incremental Build of configuration Debug for project Ex6_1 ****
make all 
make: Nothing to be done for `all'.
23:45:25 **** Auto Build of configuration Debug for project Ex6_1 ****
make all 
'Building file: ../src/helloworld.c'
'Invoking: MicroBlaze gcc compiler'
mb-gcc -Wall -O0 -g3 -c -fmessage-length=0 -MT"src/helloworld.o" -I../../Ex6_1_bsp/microblaze_0/include -mlittle-endian -mcpu=v10.0 -mxl-soft-mul -Wl,--no-relax -MMD -MP -MF"src/helloworld.d" -MT"src/helloworld.o" -o "src/helloworld.o" "../src/helloworld.c"
../src/helloworld.c: In function 'TestRam':
../src/helloworld.c:68:6: error: redefinition of 'word'
  int word =0x00000000;
      ^
../src/helloworld.c:60:6: note: previous definition of 'word' was here
  int word =0x00000000;
      ^
make: *** [src/helloworld.o] Error 1
23:45:28 **** Incremental Build of configuration Debug for project Ex6_1 ****
make all 
'Building file: ../src/helloworld.c'
'Invoking: MicroBlaze gcc compiler'
mb-gcc -Wall -O0 -g3 -c -fmessage-length=0 -MT"src/helloworld.o" -I../../Ex6_1_bsp/microblaze_0/include -mlittle-endian -mcpu=v10.0 -mxl-soft-mul -Wl,--no-relax -MMD -MP -MF"src/helloworld.d" -MT"src/helloworld.o" -o "src/helloworld.o" "../src/helloworld.c"
../src/helloworld.c: In function 'TestRam':
../src/helloworld.c:68:6: error: redefinition of 'word'
  int word =0x00000000;
      ^
../src/helloworld.c:60:6: note: previous definition of 'word' was here
  int word =0x00000000;
      ^
make: *** [src/helloworld.o] Error 1
23:45:35 **** Auto Build of configuration Debug for project Ex6_1 ****
make all 
'Building file: ../src/helloworld.c'
'Invoking: MicroBlaze gcc compiler'
mb-gcc -Wall -O0 -g3 -c -fmessage-length=0 -MT"src/helloworld.o" -I../../Ex6_1_bsp/microblaze_0/include -mlittle-endian -mcpu=v10.0 -mxl-soft-mul -Wl,--no-relax -MMD -MP -MF"src/helloworld.d" -MT"src/helloworld.o" -o "src/helloworld.o" "../src/helloworld.c"
'Finished building: ../src/helloworld.c'
' '
'Building target: Ex6_1.elf'
'Invoking: MicroBlaze gcc linker'
mb-gcc -Wl,-T -Wl,../src/lscript.ld -L../../Ex6_1_bsp/microblaze_0/lib -mlittle-endian -mcpu=v10.0 -mxl-soft-mul -Wl,--no-relax -o "Ex6_1.elf"  ./src/helloworld.o ./src/platform.o   -Wl,--start-group,-lxil,-lgcc,-lc,--end-group
'Finished building target: Ex6_1.elf'
' '
'Invoking: MicroBlaze Print Size'
mb-size Ex6_1.elf  |tee "Ex6_1.elf.size"
   text	   data	    bss	    dec	    hex	filename
   7624	    296	   3152	  11072	   2b40	Ex6_1.elf
'Finished building: Ex6_1.elf.size'
' '
23:45:38 **** Incremental Build of configuration Debug for project Ex6_1 ****
make all 
make: Nothing to be done for `all'.
23:45:55 **** Incremental Build of configuration Debug for project Ex6_1 ****
make all 
make: Nothing to be done for `all'.
23:46:15 **** Incremental Build of configuration Debug for project Ex6_1 ****
make all 
make: Nothing to be done for `all'.
23:46:19 **** Incremental Build of configuration Debug for project Ex6_1 ****
make all 
make: Nothing to be done for `all'.
23:46:41 **** Incremental Build of configuration Debug for project Ex6_1 ****
make all 
make: Nothing to be done for `all'.
23:48:08 **** Incremental Build of configuration Debug for project Ex6_1 ****
make all 
make: Nothing to be done for `all'.
23:49:11 **** Auto Build of configuration Debug for project Ex6_1 ****
make all 
'Building file: ../src/helloworld.c'
'Invoking: MicroBlaze gcc compiler'
mb-gcc -Wall -O0 -g3 -c -fmessage-length=0 -MT"src/helloworld.o" -I../../Ex6_1_bsp/microblaze_0/include -mlittle-endian -mcpu=v10.0 -mxl-soft-mul -Wl,--no-relax -MMD -MP -MF"src/helloworld.d" -MT"src/helloworld.o" -o "src/helloworld.o" "../src/helloworld.c"
'Finished building: ../src/helloworld.c'
' '
'Building target: Ex6_1.elf'
'Invoking: MicroBlaze gcc linker'
mb-gcc -Wl,-T -Wl,../src/lscript.ld -L../../Ex6_1_bsp/microblaze_0/lib -mlittle-endian -mcpu=v10.0 -mxl-soft-mul -Wl,--no-relax -o "Ex6_1.elf"  ./src/helloworld.o ./src/platform.o   -Wl,--start-group,-lxil,-lgcc,-lc,--end-group
'Finished building target: Ex6_1.elf'
' '
'Invoking: MicroBlaze Print Size'
mb-size Ex6_1.elf  |tee "Ex6_1.elf.size"
   text	   data	    bss	    dec	    hex	filename
   7624	    296	   3152	  11072	   2b40	Ex6_1.elf
'Finished building: Ex6_1.elf.size'
' '
23:49:20 **** Auto Build of configuration Debug for project Ex6_1 ****
make all 
'Building file: ../src/helloworld.c'
'Invoking: MicroBlaze gcc compiler'
mb-gcc -Wall -O0 -g3 -c -fmessage-length=0 -MT"src/helloworld.o" -I../../Ex6_1_bsp/microblaze_0/include -mlittle-endian -mcpu=v10.0 -mxl-soft-mul -Wl,--no-relax -MMD -MP -MF"src/helloworld.d" -MT"src/helloworld.o" -o "src/helloworld.o" "../src/helloworld.c"
'Finished building: ../src/helloworld.c'
' '
'Building target: Ex6_1.elf'
'Invoking: MicroBlaze gcc linker'
mb-gcc -Wl,-T -Wl,../src/lscript.ld -L../../Ex6_1_bsp/microblaze_0/lib -mlittle-endian -mcpu=v10.0 -mxl-soft-mul -Wl,--no-relax -o "Ex6_1.elf"  ./src/helloworld.o ./src/platform.o   -Wl,--start-group,-lxil,-lgcc,-lc,--end-group
'Finished building target: Ex6_1.elf'
' '
'Invoking: MicroBlaze Print Size'
mb-size Ex6_1.elf  |tee "Ex6_1.elf.size"
   text	   data	    bss	    dec	    hex	filename
   4536	    292	   3156	   7984	   1f30	Ex6_1.elf
'Finished building: Ex6_1.elf.size'
' '
23:49:21 **** Incremental Build of configuration Debug for project Ex6_1 ****
make all 
make: Nothing to be done for `all'.
23:51:27 **** Incremental Build of configuration Debug for project Ex6_1 ****
make all 
make: Nothing to be done for `all'.
23:53:51 **** Auto Build of configuration Debug for project Ex6_1 ****
make all 
'Building file: ../src/helloworld.c'
'Invoking: MicroBlaze gcc compiler'
mb-gcc -Wall -O0 -g3 -c -fmessage-length=0 -MT"src/helloworld.o" -I../../Ex6_1_bsp/microblaze_0/include -mlittle-endian -mcpu=v10.0 -mxl-soft-mul -Wl,--no-relax -MMD -MP -MF"src/helloworld.d" -MT"src/helloworld.o" -o "src/helloworld.o" "../src/helloworld.c"
'Finished building: ../src/helloworld.c'
' '
'Building target: Ex6_1.elf'
'Invoking: MicroBlaze gcc linker'
mb-gcc -Wl,-T -Wl,../src/lscript.ld -L../../Ex6_1_bsp/microblaze_0/lib -mlittle-endian -mcpu=v10.0 -mxl-soft-mul -Wl,--no-relax -o "Ex6_1.elf"  ./src/helloworld.o ./src/platform.o   -Wl,--start-group,-lxil,-lgcc,-lc,--end-group
'Finished building target: Ex6_1.elf'
' '
'Invoking: MicroBlaze Print Size'
mb-size Ex6_1.elf  |tee "Ex6_1.elf.size"
   text	   data	    bss	    dec	    hex	filename
   4484	    292	   3160	   7936	   1f00	Ex6_1.elf
'Finished building: Ex6_1.elf.size'
' '
23:53:54 **** Auto Build of configuration Debug for project Ex6_1 ****
make all 
'Building file: ../src/helloworld.c'
'Invoking: MicroBlaze gcc compiler'
mb-gcc -Wall -O0 -g3 -c -fmessage-length=0 -MT"src/helloworld.o" -I../../Ex6_1_bsp/microblaze_0/include -mlittle-endian -mcpu=v10.0 -mxl-soft-mul -Wl,--no-relax -MMD -MP -MF"src/helloworld.d" -MT"src/helloworld.o" -o "src/helloworld.o" "../src/helloworld.c"
'Finished building: ../src/helloworld.c'
' '
'Building target: Ex6_1.elf'
'Invoking: MicroBlaze gcc linker'
mb-gcc -Wl,-T -Wl,../src/lscript.ld -L../../Ex6_1_bsp/microblaze_0/lib -mlittle-endian -mcpu=v10.0 -mxl-soft-mul -Wl,--no-relax -o "Ex6_1.elf"  ./src/helloworld.o ./src/platform.o   -Wl,--start-group,-lxil,-lgcc,-lc,--end-group
'Finished building target: Ex6_1.elf'
' '
'Invoking: MicroBlaze Print Size'
mb-size Ex6_1.elf  |tee "Ex6_1.elf.size"
   text	   data	    bss	    dec	    hex	filename
   4484	    292	   3160	   7936	   1f00	Ex6_1.elf
'Finished building: Ex6_1.elf.size'
' '
23:53:59 **** Incremental Build of configuration Debug for project Ex6_1 ****
make all 
make: Nothing to be done for `all'.
23:54:22 **** Auto Build of configuration Debug for project Ex6_1 ****
make all 
'Building file: ../src/helloworld.c'
'Invoking: MicroBlaze gcc compiler'
mb-gcc -Wall -O0 -g3 -c -fmessage-length=0 -MT"src/helloworld.o" -I../../Ex6_1_bsp/microblaze_0/include -mlittle-endian -mcpu=v10.0 -mxl-soft-mul -Wl,--no-relax -MMD -MP -MF"src/helloworld.d" -MT"src/helloworld.o" -o "src/helloworld.o" "../src/helloworld.c"
../src/helloworld.c: In function 'main':
../src/helloworld.c:80:4: warning: implicit declaration of function 'XGpio_DiscretWrite' [-Wimplicit-function-declaration]
    XGpio_DiscretWrite(&GPIO, 1, word);
    ^
'Finished building: ../src/helloworld.c'
' '
'Building target: Ex6_1.elf'
'Invoking: MicroBlaze gcc linker'
mb-gcc -Wl,-T -Wl,../src/lscript.ld -L../../Ex6_1_bsp/microblaze_0/lib -mlittle-endian -mcpu=v10.0 -mxl-soft-mul -Wl,--no-relax -o "Ex6_1.elf"  ./src/helloworld.o ./src/platform.o   -Wl,--start-group,-lxil,-lgcc,-lc,--end-group
./src/helloworld.o: In function `main':
C:\Users\Joao\Desktop\cr\Git\Reconfigurable_Computing\Lesson6\Ex6_1_sdk\Ex6_1_sdk.sdk\Ex6_1\Debug/../src/helloworld.c:80: undefined reference to `XGpio_DiscretWrite'
collect2.exe: error: ld returned 1 exit status
make: *** [Ex6_1.elf] Error 1
23:54:26 **** Auto Build of configuration Debug for project Ex6_1 ****
make all 
'Building file: ../src/helloworld.c'
'Invoking: MicroBlaze gcc compiler'
mb-gcc -Wall -O0 -g3 -c -fmessage-length=0 -MT"src/helloworld.o" -I../../Ex6_1_bsp/microblaze_0/include -mlittle-endian -mcpu=v10.0 -mxl-soft-mul -Wl,--no-relax -MMD -MP -MF"src/helloworld.d" -MT"src/helloworld.o" -o "src/helloworld.o" "../src/helloworld.c"
'Finished building: ../src/helloworld.c'
' '
'Building target: Ex6_1.elf'
'Invoking: MicroBlaze gcc linker'
mb-gcc -Wl,-T -Wl,../src/lscript.ld -L../../Ex6_1_bsp/microblaze_0/lib -mlittle-endian -mcpu=v10.0 -mxl-soft-mul -Wl,--no-relax -o "Ex6_1.elf"  ./src/helloworld.o ./src/platform.o   -Wl,--start-group,-lxil,-lgcc,-lc,--end-group
'Finished building target: Ex6_1.elf'
' '
'Invoking: MicroBlaze Print Size'
mb-size Ex6_1.elf  |tee "Ex6_1.elf.size"
   text	   data	    bss	    dec	    hex	filename
   4484	    292	   3160	   7936	   1f00	Ex6_1.elf
'Finished building: Ex6_1.elf.size'
' '
23:55:26 **** Incremental Build of configuration Debug for project Ex6_1 ****
make all 
make: Nothing to be done for `all'.
23:56:20 **** Incremental Build of configuration Debug for project Ex6_1 ****
make all 
make: Nothing to be done for `all'.
23:56:47 **** Auto Build of configuration Debug for project Ex6_1 ****
make all 
'Building file: ../src/helloworld.c'
'Invoking: MicroBlaze gcc compiler'
mb-gcc -Wall -O0 -g3 -c -fmessage-length=0 -MT"src/helloworld.o" -I../../Ex6_1_bsp/microblaze_0/include -mlittle-endian -mcpu=v10.0 -mxl-soft-mul -Wl,--no-relax -MMD -MP -MF"src/helloworld.d" -MT"src/helloworld.o" -o "src/helloworld.o" "../src/helloworld.c"
../src/helloworld.c: In function 'main':
../src/helloworld.c:79:4: warning: implicit declaration of function 'print_num' [-Wimplicit-function-declaration]
    print_num(word);
    ^
'Finished building: ../src/helloworld.c'
' '
'Building target: Ex6_1.elf'
'Invoking: MicroBlaze gcc linker'
mb-gcc -Wl,-T -Wl,../src/lscript.ld -L../../Ex6_1_bsp/microblaze_0/lib -mlittle-endian -mcpu=v10.0 -mxl-soft-mul -Wl,--no-relax -o "Ex6_1.elf"  ./src/helloworld.o ./src/platform.o   -Wl,--start-group,-lxil,-lgcc,-lc,--end-group
./src/helloworld.o: In function `main':
C:\Users\Joao\Desktop\cr\Git\Reconfigurable_Computing\Lesson6\Ex6_1_sdk\Ex6_1_sdk.sdk\Ex6_1\Debug/../src/helloworld.c:79: undefined reference to `print_num'
collect2.exe: error: ld returned 1 exit status
make: *** [Ex6_1.elf] Error 1
23:57:42 **** Auto Build of configuration Debug for project Ex6_1 ****
make all 
'Building file: ../src/helloworld.c'
'Invoking: MicroBlaze gcc compiler'
mb-gcc -Wall -O0 -g3 -c -fmessage-length=0 -MT"src/helloworld.o" -I../../Ex6_1_bsp/microblaze_0/include -mlittle-endian -mcpu=v10.0 -mxl-soft-mul -Wl,--no-relax -MMD -MP -MF"src/helloworld.d" -MT"src/helloworld.o" -o "src/helloworld.o" "../src/helloworld.c"
'Finished building: ../src/helloworld.c'
' '
'Building target: Ex6_1.elf'
'Invoking: MicroBlaze gcc linker'
mb-gcc -Wl,-T -Wl,../src/lscript.ld -L../../Ex6_1_bsp/microblaze_0/lib -mlittle-endian -mcpu=v10.0 -mxl-soft-mul -Wl,--no-relax -o "Ex6_1.elf"  ./src/helloworld.o ./src/platform.o   -Wl,--start-group,-lxil,-lgcc,-lc,--end-group
'Finished building target: Ex6_1.elf'
' '
'Invoking: MicroBlaze Print Size'
mb-size Ex6_1.elf  |tee "Ex6_1.elf.size"
   text	   data	    bss	    dec	    hex	filename
   4648	    292	   3156	   8096	   1fa0	Ex6_1.elf
'Finished building: Ex6_1.elf.size'
' '
23:57:46 **** Incremental Build of configuration Debug for project Ex6_1 ****
make all 
make: Nothing to be done for `all'.
00:00:21 **** Incremental Build of configuration Debug for project Ex6_1 ****
make all 
make: Nothing to be done for `all'.
00:02:17 **** Incremental Build of configuration Debug for project Ex6_1 ****
make all 
make: Nothing to be done for `all'.
00:03:25 **** Incremental Build of configuration Debug for project Ex6_1 ****
make all 
make: Nothing to be done for `all'.
00:04:30 **** Auto Build of configuration Debug for project Ex6_1 ****
make all 
'Building file: ../src/helloworld.c'
'Invoking: MicroBlaze gcc compiler'
mb-gcc -Wall -O0 -g3 -c -fmessage-length=0 -MT"src/helloworld.o" -I../../Ex6_1_bsp/microblaze_0/include -mlittle-endian -mcpu=v10.0 -mxl-soft-mul -Wl,--no-relax -MMD -MP -MF"src/helloworld.d" -MT"src/helloworld.o" -o "src/helloworld.o" "../src/helloworld.c"
'Finished building: ../src/helloworld.c'
' '
'Building target: Ex6_1.elf'
'Invoking: MicroBlaze gcc linker'
mb-gcc -Wl,-T -Wl,../src/lscript.ld -L../../Ex6_1_bsp/microblaze_0/lib -mlittle-endian -mcpu=v10.0 -mxl-soft-mul -Wl,--no-relax -o "Ex6_1.elf"  ./src/helloworld.o ./src/platform.o   -Wl,--start-group,-lxil,-lgcc,-lc,--end-group
'Finished building target: Ex6_1.elf'
' '
'Invoking: MicroBlaze Print Size'
mb-size Ex6_1.elf  |tee "Ex6_1.elf.size"
   text	   data	    bss	    dec	    hex	filename
   4652	    292	   3160	   8104	   1fa8	Ex6_1.elf
'Finished building: Ex6_1.elf.size'
' '
00:04:33 **** Incremental Build of configuration Debug for project Ex6_1 ****
make all 
make: Nothing to be done for `all'.
00:05:52 **** Auto Build of configuration Debug for project Ex6_1 ****
make all 
'Building file: ../src/helloworld.c'
'Invoking: MicroBlaze gcc compiler'
mb-gcc -Wall -O0 -g3 -c -fmessage-length=0 -MT"src/helloworld.o" -I../../Ex6_1_bsp/microblaze_0/include -mlittle-endian -mcpu=v10.0 -mxl-soft-mul -Wl,--no-relax -MMD -MP -MF"src/helloworld.d" -MT"src/helloworld.o" -o "src/helloworld.o" "../src/helloworld.c"
'Finished building: ../src/helloworld.c'
' '
'Building target: Ex6_1.elf'
'Invoking: MicroBlaze gcc linker'
mb-gcc -Wl,-T -Wl,../src/lscript.ld -L../../Ex6_1_bsp/microblaze_0/lib -mlittle-endian -mcpu=v10.0 -mxl-soft-mul -Wl,--no-relax -o "Ex6_1.elf"  ./src/helloworld.o ./src/platform.o   -Wl,--start-group,-lxil,-lgcc,-lc,--end-group
'Finished building target: Ex6_1.elf'
' '
'Invoking: MicroBlaze Print Size'
mb-size Ex6_1.elf  |tee "Ex6_1.elf.size"
   text	   data	    bss	    dec	    hex	filename
   4652	    292	   3160	   8104	   1fa8	Ex6_1.elf
'Finished building: Ex6_1.elf.size'
' '
00:06:00 **** Incremental Build of configuration Debug for project Ex6_1 ****
make all 
make: Nothing to be done for `all'.
00:09:37 **** Incremental Build of configuration Debug for project Ex6_1 ****
make all 
make: Nothing to be done for `all'.
00:10:37 **** Auto Build of configuration Debug for project Ex6_1 ****
make all 
'Building file: ../src/helloworld.c'
'Invoking: MicroBlaze gcc compiler'
mb-gcc -Wall -O0 -g3 -c -fmessage-length=0 -MT"src/helloworld.o" -I../../Ex6_1_bsp/microblaze_0/include -mlittle-endian -mcpu=v10.0 -mxl-soft-mul -Wl,--no-relax -MMD -MP -MF"src/helloworld.d" -MT"src/helloworld.o" -o "src/helloworld.o" "../src/helloworld.c"
'Finished building: ../src/helloworld.c'
' '
'Building target: Ex6_1.elf'
'Invoking: MicroBlaze gcc linker'
mb-gcc -Wl,-T -Wl,../src/lscript.ld -L../../Ex6_1_bsp/microblaze_0/lib -mlittle-endian -mcpu=v10.0 -mxl-soft-mul -Wl,--no-relax -o "Ex6_1.elf"  ./src/helloworld.o ./src/platform.o   -Wl,--start-group,-lxil,-lgcc,-lc,--end-group
'Finished building target: Ex6_1.elf'
' '
'Invoking: MicroBlaze Print Size'
mb-size Ex6_1.elf  |tee "Ex6_1.elf.size"
   text	   data	    bss	    dec	    hex	filename
   4652	    292	   3160	   8104	   1fa8	Ex6_1.elf
'Finished building: Ex6_1.elf.size'
' '
00:10:38 **** Incremental Build of configuration Debug for project Ex6_1 ****
make all 
make: Nothing to be done for `all'.
00:11:28 **** Auto Build of configuration Debug for project Ex6_1 ****
make all 
'Building file: ../src/helloworld.c'
'Invoking: MicroBlaze gcc compiler'
mb-gcc -Wall -O0 -g3 -c -fmessage-length=0 -MT"src/helloworld.o" -I../../Ex6_1_bsp/microblaze_0/include -mlittle-endian -mcpu=v10.0 -mxl-soft-mul -Wl,--no-relax -MMD -MP -MF"src/helloworld.d" -MT"src/helloworld.o" -o "src/helloworld.o" "../src/helloworld.c"
'Finished building: ../src/helloworld.c'
' '
'Building target: Ex6_1.elf'
'Invoking: MicroBlaze gcc linker'
mb-gcc -Wl,-T -Wl,../src/lscript.ld -L../../Ex6_1_bsp/microblaze_0/lib -mlittle-endian -mcpu=v10.0 -mxl-soft-mul -Wl,--no-relax -o "Ex6_1.elf"  ./src/helloworld.o ./src/platform.o   -Wl,--start-group,-lxil,-lgcc,-lc,--end-group
'Finished building target: Ex6_1.elf'
' '
'Invoking: MicroBlaze Print Size'
mb-size Ex6_1.elf  |tee "Ex6_1.elf.size"
   text	   data	    bss	    dec	    hex	filename
   4652	    292	   3160	   8104	   1fa8	Ex6_1.elf
'Finished building: Ex6_1.elf.size'
' '
00:11:31 **** Incremental Build of configuration Debug for project Ex6_1 ****
make all 
make: Nothing to be done for `all'.
00:12:10 **** Incremental Build of configuration Debug for project Ex6_1 ****
make all 
make: Nothing to be done for `all'.
00:12:29 **** Incremental Build of configuration Debug for project Ex6_1 ****
make all 
make: Nothing to be done for `all'.
00:12:32 **** Auto Build of configuration Debug for project Ex6_1 ****
make all 
'Building file: ../src/helloworld.c'
'Invoking: MicroBlaze gcc compiler'
mb-gcc -Wall -O0 -g3 -c -fmessage-length=0 -MT"src/helloworld.o" -I../../Ex6_1_bsp/microblaze_0/include -mlittle-endian -mcpu=v10.0 -mxl-soft-mul -Wl,--no-relax -MMD -MP -MF"src/helloworld.d" -MT"src/helloworld.o" -o "src/helloworld.o" "../src/helloworld.c"
'Finished building: ../src/helloworld.c'
' '
'Building target: Ex6_1.elf'
'Invoking: MicroBlaze gcc linker'
mb-gcc -Wl,-T -Wl,../src/lscript.ld -L../../Ex6_1_bsp/microblaze_0/lib -mlittle-endian -mcpu=v10.0 -mxl-soft-mul -Wl,--no-relax -o "Ex6_1.elf"  ./src/helloworld.o ./src/platform.o   -Wl,--start-group,-lxil,-lgcc,-lc,--end-group
'Finished building target: Ex6_1.elf'
' '
'Invoking: MicroBlaze Print Size'
mb-size Ex6_1.elf  |tee "Ex6_1.elf.size"
   text	   data	    bss	    dec	    hex	filename
   4652	    292	   3160	   8104	   1fa8	Ex6_1.elf
'Finished building: Ex6_1.elf.size'
' '
00:12:38 **** Incremental Build of configuration Debug for project Ex6_1 ****
make all 
make: Nothing to be done for `all'.
11:31:43 **** Incremental Build of configuration Debug for project Ex6_1 ****
make all 
make: Nothing to be done for `all'.
11:36:27 **** Incremental Build of configuration Debug for project Ex6_1 ****
make all 
make: Nothing to be done for `all'.
12:12:12 **** Incremental Build of configuration Debug for project Ex6_1 ****
make all 
'Building file: ../src/helloworld.c'
'Invoking: MicroBlaze gcc compiler'
mb-gcc -Wall -O0 -g3 -c -fmessage-length=0 -MT"src/helloworld.o" -I../../Ex6_1_bsp/microblaze_0/include -mlittle-endian -mcpu=v10.0 -mxl-soft-mul -Wl,--no-relax -MMD -MP -MF"src/helloworld.d" -MT"src/helloworld.o" -o "src/helloworld.o" "../src/helloworld.c"
../src/helloworld.c:52:24: fatal error: xil_printf.h: No such file or directory
compilation terminated.
make: *** [src/helloworld.o] Error 1
12:12:22 **** Incremental Build of configuration Debug for project Ex6_1 ****
make all 
'Building file: ../src/helloworld.c'
'Invoking: MicroBlaze gcc compiler'
mb-gcc -Wall -O0 -g3 -c -fmessage-length=0 -MT"src/helloworld.o" -I../../Ex6_1_bsp/microblaze_0/include -mlittle-endian -mcpu=v10.0 -mxl-soft-mul -Wl,--no-relax -MMD -MP -MF"src/helloworld.d" -MT"src/helloworld.o" -o "src/helloworld.o" "../src/helloworld.c"
../src/helloworld.c:52:24: fatal error: xil_printf.h: No such file or directory
compilation terminated.
make: *** [src/helloworld.o] Error 1
12:12:32 **** Incremental Build of configuration Debug for project Ex6_1 ****
make all 
'Building file: ../src/helloworld.c'
'Invoking: MicroBlaze gcc compiler'
mb-gcc -Wall -O0 -g3 -c -fmessage-length=0 -MT"src/helloworld.o" -I../../Ex6_1_bsp/microblaze_0/include -mlittle-endian -mcpu=v10.0 -mxl-soft-mul -Wl,--no-relax -MMD -MP -MF"src/helloworld.d" -MT"src/helloworld.o" -o "src/helloworld.o" "../src/helloworld.c"
../src/helloworld.c:52:24: fatal error: xil_printf.h: No such file or directory
compilation terminated.
make: *** [src/helloworld.o] Error 1
12:13:22 **** Auto Build of configuration Debug for project Ex6_1 ****
make all 
'Building file: ../src/helloworld.c'
'Invoking: MicroBlaze gcc compiler'
mb-gcc -Wall -O0 -g3 -c -fmessage-length=0 -MT"src/helloworld.o" -I../../Ex6_1_bsp/microblaze_0/include -mlittle-endian -mcpu=v10.0 -mxl-soft-mul -Wl,--no-relax -MMD -MP -MF"src/helloworld.d" -MT"src/helloworld.o" -o "src/helloworld.o" "../src/helloworld.c"
../src/helloworld.c:52:24: fatal error: xil_printf.h: No such file or directory
compilation terminated.
make: *** [src/helloworld.o] Error 1
12:13:25 **** Incremental Build of configuration Debug for project Ex6_1 ****
make all 
'Building file: ../src/helloworld.c'
'Invoking: MicroBlaze gcc compiler'
mb-gcc -Wall -O0 -g3 -c -fmessage-length=0 -MT"src/helloworld.o" -I../../Ex6_1_bsp/microblaze_0/include -mlittle-endian -mcpu=v10.0 -mxl-soft-mul -Wl,--no-relax -MMD -MP -MF"src/helloworld.d" -MT"src/helloworld.o" -o "src/helloworld.o" "../src/helloworld.c"
../src/helloworld.c:52:24: fatal error: xil_printf.h: No such file or directory
compilation terminated.
make: *** [src/helloworld.o] Error 1
12:13:57 **** Auto Build of configuration Debug for project Ex6_1 ****
make all 
'Building file: ../src/helloworld.c'
'Invoking: MicroBlaze gcc compiler'
mb-gcc -Wall -O0 -g3 -c -fmessage-length=0 -MT"src/helloworld.o" -I../../Ex6_1_bsp/microblaze_0/include -mlittle-endian -mcpu=v10.0 -mxl-soft-mul -Wl,--no-relax -MMD -MP -MF"src/helloworld.d" -MT"src/helloworld.o" -o "src/helloworld.o" "../src/helloworld.c"
../src/helloworld.c:52:24: fatal error: xil_printf.h: No such file or directory
compilation terminated.
make: *** [src/helloworld.o] Error 1
12:15:55 **** Auto Build of configuration Debug for project Ex6_1 ****
make all 
'Building file: ../src/helloworld.c'
'Invoking: MicroBlaze gcc compiler'
mb-gcc -Wall -O0 -g3 -c -fmessage-length=0 -MT"src/helloworld.o" -I../../Ex6_1_bsp/microblaze_0/include -mlittle-endian -mcpu=v10.0 -mxl-soft-mul -Wl,--no-relax -MMD -MP -MF"src/helloworld.d" -MT"src/helloworld.o" -o "src/helloworld.o" "../src/helloworld.c"
../src/helloworld.c:52:24: fatal error: xil_printf.h: No such file or directory
compilation terminated.
make: *** [src/helloworld.o] Error 1
12:17:58 **** Auto Build of configuration Debug for project Ex6_1 ****
make all 
'Building file: ../src/helloworld.c'
'Invoking: MicroBlaze gcc compiler'
mb-gcc -Wall -O0 -g3 -c -fmessage-length=0 -MT"src/helloworld.o" -I../../Ex6_1_bsp/microblaze_0/include -mlittle-endian -mcpu=v10.0 -mxl-soft-mul -Wl,--no-relax -MMD -MP -MF"src/helloworld.d" -MT"src/helloworld.o" -o "src/helloworld.o" "../src/helloworld.c"
../src/helloworld.c:52:24: fatal error: xil_printf.h: No such file or directory
compilation terminated.
make: *** [src/helloworld.o] Error 1
12:18:00 **** Incremental Build of configuration Debug for project Ex6_1 ****
make all 
'Building file: ../src/helloworld.c'
'Invoking: MicroBlaze gcc compiler'
mb-gcc -Wall -O0 -g3 -c -fmessage-length=0 -MT"src/helloworld.o" -I../../Ex6_1_bsp/microblaze_0/include -mlittle-endian -mcpu=v10.0 -mxl-soft-mul -Wl,--no-relax -MMD -MP -MF"src/helloworld.d" -MT"src/helloworld.o" -o "src/helloworld.o" "../src/helloworld.c"
../src/helloworld.c:52:24: fatal error: xil_printf.h: No such file or directory
compilation terminated.
make: *** [src/helloworld.o] Error 1
12:18:33 **** Auto Build of configuration Debug for project Ex6_1 ****
make all 
'Building file: ../src/helloworld.c'
'Invoking: MicroBlaze gcc compiler'
mb-gcc -Wall -O0 -g3 -c -fmessage-length=0 -MT"src/helloworld.o" -I../../Ex6_1_bsp/microblaze_0/include -mlittle-endian -mcpu=v10.0 -mxl-soft-mul -Wl,--no-relax -MMD -MP -MF"src/helloworld.d" -MT"src/helloworld.o" -o "src/helloworld.o" "../src/helloworld.c"
../src/helloworld.c:52:24: fatal error: xil_printf.h: No such file or directory
compilation terminated.
make: *** [src/helloworld.o] Error 1
12:18:34 **** Incremental Build of configuration Debug for project Ex6_1 ****
make all 
'Building file: ../src/helloworld.c'
'Invoking: MicroBlaze gcc compiler'
mb-gcc -Wall -O0 -g3 -c -fmessage-length=0 -MT"src/helloworld.o" -I../../Ex6_1_bsp/microblaze_0/include -mlittle-endian -mcpu=v10.0 -mxl-soft-mul -Wl,--no-relax -MMD -MP -MF"src/helloworld.d" -MT"src/helloworld.o" -o "src/helloworld.o" "../src/helloworld.c"
../src/helloworld.c:52:24: fatal error: xil_printf.h: No such file or directory
compilation terminated.
make: *** [src/helloworld.o] Error 1
12:19:52 **** Incremental Build of configuration Debug for project Ex6_1 ****
make all 
'Building file: ../src/helloworld.c'
'Invoking: MicroBlaze gcc compiler'
mb-gcc -Wall -O0 -g3 -c -fmessage-length=0 -MT"src/helloworld.o" -I../../Ex6_1_bsp/microblaze_0/include -mlittle-endian -mcpu=v10.0 -mxl-soft-mul -Wl,--no-relax -MMD -MP -MF"src/helloworld.d" -MT"src/helloworld.o" -o "src/helloworld.o" "../src/helloworld.c"
../src/helloworld.c:52:24: fatal error: xil_printf.h: No such file or directory
compilation terminated.
make: *** [src/helloworld.o] Error 1
12:20:01 **** Incremental Build of configuration Debug for project Ex6_1 ****
make all 
'Building file: ../src/helloworld.c'
'Invoking: MicroBlaze gcc compiler'
mb-gcc -Wall -O0 -g3 -c -fmessage-length=0 -MT"src/helloworld.o" -I../../Ex6_1_bsp/microblaze_0/include -mlittle-endian -mcpu=v10.0 -mxl-soft-mul -Wl,--no-relax -MMD -MP -MF"src/helloworld.d" -MT"src/helloworld.o" -o "src/helloworld.o" "../src/helloworld.c"
../src/helloworld.c:52:24: fatal error: xil_printf.h: No such file or directory
compilation terminated.
make: *** [src/helloworld.o] Error 1
12:20:26 **** Auto Build of configuration Debug for project Ex6_1 ****
make all 
'Building file: ../src/helloworld.c'
'Invoking: MicroBlaze gcc compiler'
mb-gcc -Wall -O0 -g3 -c -fmessage-length=0 -MT"src/helloworld.o" -I../../Ex6_1_bsp/microblaze_0/include -mlittle-endian -mcpu=v10.0 -mxl-soft-mul -Wl,--no-relax -MMD -MP -MF"src/helloworld.d" -MT"src/helloworld.o" -o "src/helloworld.o" "../src/helloworld.c"
../src/helloworld.c:52:24: fatal error: xil_printf.h: No such file or directory
compilation terminated.
make: *** [src/helloworld.o] Error 1
12:20:28 **** Incremental Build of configuration Debug for project Ex6_1 ****
make all 
'Building file: ../src/helloworld.c'
'Invoking: MicroBlaze gcc compiler'
mb-gcc -Wall -O0 -g3 -c -fmessage-length=0 -MT"src/helloworld.o" -I../../Ex6_1_bsp/microblaze_0/include -mlittle-endian -mcpu=v10.0 -mxl-soft-mul -Wl,--no-relax -MMD -MP -MF"src/helloworld.d" -MT"src/helloworld.o" -o "src/helloworld.o" "../src/helloworld.c"
../src/helloworld.c:52:24: fatal error: xil_printf.h: No such file or directory
compilation terminated.
make: *** [src/helloworld.o] Error 1
12:20:47 **** Incremental Build of configuration Debug for project Ex6_1 ****
make all 
'Building file: ../src/helloworld.c'
'Invoking: MicroBlaze gcc compiler'
mb-gcc -Wall -O0 -g3 -c -fmessage-length=0 -MT"src/helloworld.o" -I../../Ex6_1_bsp/microblaze_0/include -mlittle-endian -mcpu=v10.0 -mxl-soft-mul -Wl,--no-relax -MMD -MP -MF"src/helloworld.d" -MT"src/helloworld.o" -o "src/helloworld.o" "../src/helloworld.c"
../src/helloworld.c:52:24: fatal error: xil_printf.h: No such file or directory
compilation terminated.
make: *** [src/helloworld.o] Error 1
12:21:13 **** Incremental Build of configuration Debug for project Ex6_1 ****
make all 
'Building file: ../src/helloworld.c'
'Invoking: MicroBlaze gcc compiler'
mb-gcc -Wall -O0 -g3 -c -fmessage-length=0 -MT"src/helloworld.o" -I../../Ex6_1_bsp/microblaze_0/include -mlittle-endian -mcpu=v10.0 -mxl-soft-mul -Wl,--no-relax -MMD -MP -MF"src/helloworld.d" -MT"src/helloworld.o" -o "src/helloworld.o" "../src/helloworld.c"
../src/helloworld.c:52:24: fatal error: xil_printf.h: No such file or directory
compilation terminated.
make: *** [src/helloworld.o] Error 1
12:22:05 **** Incremental Build of configuration Debug for project Ex6_1 ****
make all 
'Building file: ../src/helloworld.c'
'Invoking: MicroBlaze gcc compiler'
mb-gcc -Wall -O0 -g3 -c -fmessage-length=0 -MT"src/helloworld.o" -I../../Ex6_1_bsp/microblaze_0/include -mlittle-endian -mcpu=v10.0 -mxl-soft-mul -Wl,--no-relax -MMD -MP -MF"src/helloworld.d" -MT"src/helloworld.o" -o "src/helloworld.o" "../src/helloworld.c"
../src/helloworld.c:52:24: fatal error: xil_printf.h: No such file or directory
compilation terminated.
make: *** [src/helloworld.o] Error 1
12:22:16 **** Incremental Build of configuration Debug for project Ex6_1 ****
make all 
'Building file: ../src/helloworld.c'
'Invoking: MicroBlaze gcc compiler'
mb-gcc -Wall -O0 -g3 -c -fmessage-length=0 -MT"src/helloworld.o" -I../../Ex6_1_bsp/microblaze_0/include -mlittle-endian -mcpu=v10.0 -mxl-soft-mul -Wl,--no-relax -MMD -MP -MF"src/helloworld.d" -MT"src/helloworld.o" -o "src/helloworld.o" "../src/helloworld.c"
../src/helloworld.c:52:24: fatal error: xil_printf.h: No such file or directory
compilation terminated.
make: *** [src/helloworld.o] Error 1
12:22:45 **** Auto Build of configuration Debug for project Ex6_1 ****
make all 
'Building file: ../src/helloworld.c'
'Invoking: MicroBlaze gcc compiler'
mb-gcc -Wall -O0 -g3 -c -fmessage-length=0 -MT"src/helloworld.o" -I../../Ex6_1_bsp/microblaze_0/include -mlittle-endian -mcpu=v10.0 -mxl-soft-mul -Wl,--no-relax -MMD -MP -MF"src/helloworld.d" -MT"src/helloworld.o" -o "src/helloworld.o" "../src/helloworld.c"
../src/helloworld.c:52:24: fatal error: xil_printf.h: No such file or directory
compilation terminated.
make: *** [src/helloworld.o] Error 1
12:22:47 **** Incremental Build of configuration Debug for project Ex6_1 ****
make all 
'Building file: ../src/helloworld.c'
'Invoking: MicroBlaze gcc compiler'
mb-gcc -Wall -O0 -g3 -c -fmessage-length=0 -MT"src/helloworld.o" -I../../Ex6_1_bsp/microblaze_0/include -mlittle-endian -mcpu=v10.0 -mxl-soft-mul -Wl,--no-relax -MMD -MP -MF"src/helloworld.d" -MT"src/helloworld.o" -o "src/helloworld.o" "../src/helloworld.c"
../src/helloworld.c:52:24: fatal error: xil_printf.h: No such file or directory
compilation terminated.
make: *** [src/helloworld.o] Error 1
12:23:22 **** Auto Build of configuration Debug for project Ex6_1 ****
make all 
'Building file: ../src/helloworld.c'
'Invoking: MicroBlaze gcc compiler'
mb-gcc -Wall -O0 -g3 -c -fmessage-length=0 -MT"src/helloworld.o" -I../../Ex6_1_bsp/microblaze_0/include -mlittle-endian -mcpu=v10.0 -mxl-soft-mul -Wl,--no-relax -MMD -MP -MF"src/helloworld.d" -MT"src/helloworld.o" -o "src/helloworld.o" "../src/helloworld.c"
../src/helloworld.c:52:24: fatal error: xil_printf.h: No such file or directory
compilation terminated.
make: *** [src/helloworld.o] Error 1
12:23:24 **** Incremental Build of configuration Debug for project Ex6_1 ****
make all 
'Building file: ../src/helloworld.c'
'Invoking: MicroBlaze gcc compiler'
mb-gcc -Wall -O0 -g3 -c -fmessage-length=0 -MT"src/helloworld.o" -I../../Ex6_1_bsp/microblaze_0/include -mlittle-endian -mcpu=v10.0 -mxl-soft-mul -Wl,--no-relax -MMD -MP -MF"src/helloworld.d" -MT"src/helloworld.o" -o "src/helloworld.o" "../src/helloworld.c"
../src/helloworld.c:52:24: fatal error: xil_printf.h: No such file or directory
compilation terminated.
make: *** [src/helloworld.o] Error 1
12:23:37 **** Auto Build of configuration Debug for project Ex6_1 ****
make all 
'Building file: ../src/helloworld.c'
'Invoking: MicroBlaze gcc compiler'
mb-gcc -Wall -O0 -g3 -c -fmessage-length=0 -MT"src/helloworld.o" -I../../Ex6_1_bsp/microblaze_0/include -mlittle-endian -mcpu=v10.0 -mxl-soft-mul -Wl,--no-relax -MMD -MP -MF"src/helloworld.d" -MT"src/helloworld.o" -o "src/helloworld.o" "../src/helloworld.c"
../src/helloworld.c:52:24: fatal error: xil_printf.h: No such file or directory
compilation terminated.
make: *** [src/helloworld.o] Error 1
12:23:38 **** Incremental Build of configuration Debug for project Ex6_1 ****
make all 
'Building file: ../src/helloworld.c'
'Invoking: MicroBlaze gcc compiler'
mb-gcc -Wall -O0 -g3 -c -fmessage-length=0 -MT"src/helloworld.o" -I../../Ex6_1_bsp/microblaze_0/include -mlittle-endian -mcpu=v10.0 -mxl-soft-mul -Wl,--no-relax -MMD -MP -MF"src/helloworld.d" -MT"src/helloworld.o" -o "src/helloworld.o" "../src/helloworld.c"
../src/helloworld.c:52:24: fatal error: xil_printf.h: No such file or directory
compilation terminated.
make: *** [src/helloworld.o] Error 1
12:25:25 **** Auto Build of project Ex6_1_bsp ****
make -k all 
"Running Make include in microblaze_0/libsrc/bram_v4_1/src"
make -C microblaze_0/libsrc/bram_v4_1/src -s include  "SHELL=CMD" "COMPILER=mb-gcc" "ARCHIVER=mb-ar" "COMPILER_FLAGS= -O2 -c -mcpu=v10.0 -mlittle-endian -mxl-soft-mul" "EXTRA_COMPILER_FLAGS=-g"
"Running Make include in microblaze_0/libsrc/cpu_v2_5/src"
make -C microblaze_0/libsrc/cpu_v2_5/src -s include  "SHELL=CMD" "COMPILER=mb-gcc" "ARCHIVER=mb-ar" "COMPILER_FLAGS= -O2 -c -mcpu=v10.0 -mlittle-endian -mxl-soft-mul" "EXTRA_COMPILER_FLAGS=-g"
"Running Make include in microblaze_0/libsrc/gpio_v4_3/src"
make -C microblaze_0/libsrc/gpio_v4_3/src -s include  "SHELL=CMD" "COMPILER=mb-gcc" "ARCHIVER=mb-ar" "COMPILER_FLAGS= -O2 -c -mcpu=v10.0 -mlittle-endian -mxl-soft-mul" "EXTRA_COMPILER_FLAGS=-g"
"Running Make include in microblaze_0/libsrc/standalone_v6_1/src"
make -C microblaze_0/libsrc/standalone_v6_1/src -s include  "SHELL=CMD" "COMPILER=mb-gcc" "ARCHIVER=mb-ar" "COMPILER_FLAGS= -O2 -c -mcpu=v10.0 -mlittle-endian -mxl-soft-mul" "EXTRA_COMPILER_FLAGS=-g"
"Running Make include in microblaze_0/libsrc/uartlite_v3_2/src"
make -C microblaze_0/libsrc/uartlite_v3_2/src -s include  "SHELL=CMD" "COMPILER=mb-gcc" "ARCHIVER=mb-ar" "COMPILER_FLAGS= -O2 -c -mcpu=v10.0 -mlittle-endian -mxl-soft-mul" "EXTRA_COMPILER_FLAGS=-g"
"Running Make libs in microblaze_0/libsrc/bram_v4_1/src"
make -C microblaze_0/libsrc/bram_v4_1/src -s libs  "SHELL=CMD" "COMPILER=mb-gcc" "ARCHIVER=mb-ar" "COMPILER_FLAGS= -O2 -c -mcpu=v10.0 -mlittle-endian -mxl-soft-mul" "EXTRA_COMPILER_FLAGS=-g"
"Compiling bram"
mb-ar: creating ../../../lib/libxil.a
"Running Make libs in microblaze_0/libsrc/cpu_v2_5/src"
make -C microblaze_0/libsrc/cpu_v2_5/src -s libs  "SHELL=CMD" "COMPILER=mb-gcc" "ARCHIVER=mb-ar" "COMPILER_FLAGS= -O2 -c -mcpu=v10.0 -mlittle-endian -mxl-soft-mul" "EXTRA_COMPILER_FLAGS=-g"
"Compiling cpu"
"Running Make libs in microblaze_0/libsrc/gpio_v4_3/src"
make -C microblaze_0/libsrc/gpio_v4_3/src -s libs  "SHELL=CMD" "COMPILER=mb-gcc" "ARCHIVER=mb-ar" "COMPILER_FLAGS= -O2 -c -mcpu=v10.0 -mlittle-endian -mxl-soft-mul" "EXTRA_COMPILER_FLAGS=-g"
"Compiling gpio"
"Running Make libs in microblaze_0/libsrc/standalone_v6_1/src"
make -C microblaze_0/libsrc/standalone_v6_1/src -s libs  "SHELL=CMD" "COMPILER=mb-gcc" "ARCHIVER=mb-ar" "COMPILER_FLAGS= -O2 -c -mcpu=v10.0 -mlittle-endian -mxl-soft-mul" "EXTRA_COMPILER_FLAGS=-g"
"Compiling standalone";
"Running Make libs in microblaze_0/libsrc/uartlite_v3_2/src"
make -C microblaze_0/libsrc/uartlite_v3_2/src -s libs  "SHELL=CMD" "COMPILER=mb-gcc" "ARCHIVER=mb-ar" "COMPILER_FLAGS= -O2 -c -mcpu=v10.0 -mlittle-endian -mxl-soft-mul" "EXTRA_COMPILER_FLAGS=-g"
"Compiling uartlite"
'Finished building libraries'
12:25:35 **** Auto Build of configuration Debug for project Ex6_1 ****
make all 
'Building file: ../src/helloworld.c'
'Invoking: MicroBlaze gcc compiler'
mb-gcc -Wall -O0 -g3 -c -fmessage-length=0 -MT"src/helloworld.o" -I../../Ex6_1_bsp/microblaze_0/include -mlittle-endian -mcpu=v10.0 -mxl-soft-mul -Wl,--no-relax -MMD -MP -MF"src/helloworld.d" -MT"src/helloworld.o" -o "src/helloworld.o" "../src/helloworld.c"
'Finished building: ../src/helloworld.c'
' '
'Building file: ../src/platform.c'
'Invoking: MicroBlaze gcc compiler'
mb-gcc -Wall -O0 -g3 -c -fmessage-length=0 -MT"src/platform.o" -I../../Ex6_1_bsp/microblaze_0/include -mlittle-endian -mcpu=v10.0 -mxl-soft-mul -Wl,--no-relax -MMD -MP -MF"src/platform.d" -MT"src/platform.o" -o "src/platform.o" "../src/platform.c"
'Finished building: ../src/platform.c'
' '
'Building target: Ex6_1.elf'
'Invoking: MicroBlaze gcc linker'
mb-gcc -Wl,-T -Wl,../src/lscript.ld -L../../Ex6_1_bsp/microblaze_0/lib -mlittle-endian -mcpu=v10.0 -mxl-soft-mul -Wl,--no-relax -o "Ex6_1.elf"  ./src/helloworld.o ./src/platform.o   -Wl,--start-group,-lxil,-lgcc,-lc,--end-group
'Finished building target: Ex6_1.elf'
' '
'Invoking: MicroBlaze Print Size'
mb-size Ex6_1.elf  |tee "Ex6_1.elf.size"
   text	   data	    bss	    dec	    hex	filename
   4656	    292	   3156	   8104	   1fa8	Ex6_1.elf
'Finished building: Ex6_1.elf.size'
' '
12:25:43 **** Incremental Build of configuration Debug for project Ex6_1 ****
make all 
make: Nothing to be done for `all'.
12:27:49 **** Auto Build of configuration Debug for project Ex6_1 ****
make all 
'Building file: ../src/helloworld.c'
'Invoking: MicroBlaze gcc compiler'
mb-gcc -Wall -O0 -g3 -c -fmessage-length=0 -MT"src/helloworld.o" -I../../Ex6_1_bsp/microblaze_0/include -mlittle-endian -mcpu=v10.0 -mxl-soft-mul -Wl,--no-relax -MMD -MP -MF"src/helloworld.d" -MT"src/helloworld.o" -o "src/helloworld.o" "../src/helloworld.c"
'Finished building: ../src/helloworld.c'
' '
'Building target: Ex6_1.elf'
'Invoking: MicroBlaze gcc linker'
mb-gcc -Wl,-T -Wl,../src/lscript.ld -L../../Ex6_1_bsp/microblaze_0/lib -mlittle-endian -mcpu=v10.0 -mxl-soft-mul -Wl,--no-relax -o "Ex6_1.elf"  ./src/helloworld.o ./src/platform.o   -Wl,--start-group,-lxil,-lgcc,-lc,--end-group
'Finished building target: Ex6_1.elf'
' '
'Invoking: MicroBlaze Print Size'
mb-size Ex6_1.elf  |tee "Ex6_1.elf.size"
   text	   data	    bss	    dec	    hex	filename
   4652	    292	   3160	   8104	   1fa8	Ex6_1.elf
'Finished building: Ex6_1.elf.size'
' '
12:27:52 **** Incremental Build of configuration Debug for project Ex6_1 ****
make all 
make: Nothing to be done for `all'.
12:47:20 **** Incremental Build of configuration Debug for project Ex6_1 ****
make all 
make: Nothing to be done for `all'.
12:47:40 **** Incremental Build of configuration Debug for project Ex6_1 ****
make all 
make: Nothing to be done for `all'.
12:48:58 **** Auto Build of configuration Debug for project Ex6_1 ****
make all 
'Building file: ../src/helloworld.c'
'Invoking: MicroBlaze gcc compiler'
mb-gcc -Wall -O0 -g3 -c -fmessage-length=0 -MT"src/helloworld.o" -I../../Ex6_1_bsp/microblaze_0/include -mlittle-endian -mcpu=v10.0 -mxl-soft-mul -Wl,--no-relax -MMD -MP -MF"src/helloworld.d" -MT"src/helloworld.o" -o "src/helloworld.o" "../src/helloworld.c"
'Finished building: ../src/helloworld.c'
' '
'Building target: Ex6_1.elf'
'Invoking: MicroBlaze gcc linker'
mb-gcc -Wl,-T -Wl,../src/lscript.ld -L../../Ex6_1_bsp/microblaze_0/lib -mlittle-endian -mcpu=v10.0 -mxl-soft-mul -Wl,--no-relax -o "Ex6_1.elf"  ./src/helloworld.o ./src/platform.o   -Wl,--start-group,-lxil,-lgcc,-lc,--end-group
'Finished building target: Ex6_1.elf'
' '
'Invoking: MicroBlaze Print Size'
mb-size Ex6_1.elf  |tee "Ex6_1.elf.size"
   text	   data	    bss	    dec	    hex	filename
   4700	    292	   3160	   8152	   1fd8	Ex6_1.elf
'Finished building: Ex6_1.elf.size'
' '
12:49:02 **** Incremental Build of configuration Debug for project Ex6_1 ****
make all 
make: Nothing to be done for `all'.
12:49:33 **** Incremental Build of configuration Debug for project Ex6_1 ****
make all 
make: Nothing to be done for `all'.
12:49:50 **** Incremental Build of configuration Debug for project Ex6_1 ****
make all 
make: Nothing to be done for `all'.
12:50:11 **** Incremental Build of configuration Debug for project Ex6_1 ****
make all 
make: Nothing to be done for `all'.
12:51:37 **** Auto Build of configuration Debug for project Ex6_1 ****
make all 
'Building file: ../src/helloworld.c'
'Invoking: MicroBlaze gcc compiler'
mb-gcc -Wall -O0 -g3 -c -fmessage-length=0 -MT"src/helloworld.o" -I../../Ex6_1_bsp/microblaze_0/include -mlittle-endian -mcpu=v10.0 -mxl-soft-mul -Wl,--no-relax -MMD -MP -MF"src/helloworld.d" -MT"src/helloworld.o" -o "src/helloworld.o" "../src/helloworld.c"
'Finished building: ../src/helloworld.c'
' '
'Building target: Ex6_1.elf'
'Invoking: MicroBlaze gcc linker'
mb-gcc -Wl,-T -Wl,../src/lscript.ld -L../../Ex6_1_bsp/microblaze_0/lib -mlittle-endian -mcpu=v10.0 -mxl-soft-mul -Wl,--no-relax -o "Ex6_1.elf"  ./src/helloworld.o ./src/platform.o   -Wl,--start-group,-lxil,-lgcc,-lc,--end-group
'Finished building target: Ex6_1.elf'
' '
'Invoking: MicroBlaze Print Size'
mb-size Ex6_1.elf  |tee "Ex6_1.elf.size"
   text	   data	    bss	    dec	    hex	filename
   4700	    292	   3160	   8152	   1fd8	Ex6_1.elf
'Finished building: Ex6_1.elf.size'
' '
12:51:41 **** Incremental Build of configuration Debug for project Ex6_1 ****
make all 
make: Nothing to be done for `all'.
12:52:00 **** Incremental Build of configuration Debug for project Ex6_1 ****
make all 
make: Nothing to be done for `all'.
12:53:48 **** Auto Build of configuration Debug for project Ex6_1 ****
make all 
'Building file: ../src/helloworld.c'
'Invoking: MicroBlaze gcc compiler'
mb-gcc -Wall -O0 -g3 -c -fmessage-length=0 -MT"src/helloworld.o" -I../../Ex6_1_bsp/microblaze_0/include -mlittle-endian -mcpu=v10.0 -mxl-soft-mul -Wl,--no-relax -MMD -MP -MF"src/helloworld.d" -MT"src/helloworld.o" -o "src/helloworld.o" "../src/helloworld.c"
'Finished building: ../src/helloworld.c'
' '
'Building target: Ex6_1.elf'
'Invoking: MicroBlaze gcc linker'
mb-gcc -Wl,-T -Wl,../src/lscript.ld -L../../Ex6_1_bsp/microblaze_0/lib -mlittle-endian -mcpu=v10.0 -mxl-soft-mul -Wl,--no-relax -o "Ex6_1.elf"  ./src/helloworld.o ./src/platform.o   -Wl,--start-group,-lxil,-lgcc,-lc,--end-group
'Finished building target: Ex6_1.elf'
' '
'Invoking: MicroBlaze Print Size'
mb-size Ex6_1.elf  |tee "Ex6_1.elf.size"
   text	   data	    bss	    dec	    hex	filename
   4724	    292	   3160	   8176	   1ff0	Ex6_1.elf
'Finished building: Ex6_1.elf.size'
' '
12:53:50 **** Incremental Build of configuration Debug for project Ex6_1 ****
make all 
make: Nothing to be done for `all'.
12:55:12 **** Auto Build of configuration Debug for project Ex6_1 ****
make all 
'Building file: ../src/helloworld.c'
'Invoking: MicroBlaze gcc compiler'
mb-gcc -Wall -O0 -g3 -c -fmessage-length=0 -MT"src/helloworld.o" -I../../Ex6_1_bsp/microblaze_0/include -mlittle-endian -mcpu=v10.0 -mxl-soft-mul -Wl,--no-relax -MMD -MP -MF"src/helloworld.d" -MT"src/helloworld.o" -o "src/helloworld.o" "../src/helloworld.c"
'Finished building: ../src/helloworld.c'
' '
'Building target: Ex6_1.elf'
'Invoking: MicroBlaze gcc linker'
mb-gcc -Wl,-T -Wl,../src/lscript.ld -L../../Ex6_1_bsp/microblaze_0/lib -mlittle-endian -mcpu=v10.0 -mxl-soft-mul -Wl,--no-relax -o "Ex6_1.elf"  ./src/helloworld.o ./src/platform.o   -Wl,--start-group,-lxil,-lgcc,-lc,--end-group
'Finished building target: Ex6_1.elf'
' '
'Invoking: MicroBlaze Print Size'
mb-size Ex6_1.elf  |tee "Ex6_1.elf.size"
   text	   data	    bss	    dec	    hex	filename
   4724	    292	   3160	   8176	   1ff0	Ex6_1.elf
'Finished building: Ex6_1.elf.size'
' '
12:55:16 **** Incremental Build of configuration Debug for project Ex6_1 ****
make all 
make: Nothing to be done for `all'.
